
C:\Users\Kruti>cd C:\Program Files\Kubernetes\Minikube

C:\Program Files\Kubernetes\Minikube>minikube status
* There is no local cluster named "minikube"
  - To fix this, run: "minikube start"

C:\Program Files\Kubernetes\Minikube>minikube start
* minikube v1.12.3 on Microsoft Windows 10 Home 10.0.18363 Build 18363
* Automatically selected the virtualbox driver
* Downloading VM boot image ...
    > minikube-v1.12.2.iso.sha256: 65 B / 65 B [-------------] 100.00% ? p/s 0s
    > minikube-v1.12.2.iso: 173.73 MiB / 173.73 MiB [] 100.00% 29.64 MiB p/s 6s
* Starting control plane node minikube in cluster minikube
* Downloading Kubernetes v1.18.3 preload ...
    > preloaded-images-k8s-v5-v1.18.3-docker-overlay2-amd64.tar.lz4: 510.91 MiB
* Creating virtualbox VM (CPUs=2, Memory=4000MB, Disk=20000MB) ...
* Found network options:
  - NO_PROXY=192.168.99.100
  - no_proxy=192.168.99.100
* Preparing Kubernetes v1.18.3 on Docker 19.03.12 ...
  - env NO_PROXY=192.168.99.100
* Verifying Kubernetes components...
* Enabled addons: default-storageclass, storage-provisioner
* Done! kubectl is now configured to use "minikube"
* Kubectl not found in your path
  - You can use kubectl inside minikube. For more information, visit https://minikube.sigs.k8s.io/docs/handbook/kubectl/
* For best results, install kubectl: https://kubernetes.io/docs/tasks/tools/install-kubectl/

C:\Program Files\Kubernetes\Minikube>minikube status
minikube
type: Control Plane
host: Running
kubelet: Running
apiserver: Running
kubeconfig: Configured


C:\Program Files\Kubernetes\Minikube>minikube
minikube provisions and manages local Kubernetes clusters optimized for development workflows.

Basic Commands:
  start          Starts a local Kubernetes cluster
  status         Gets the status of a local Kubernetes cluster
  stop           Stops a running local Kubernetes cluster
  delete         Deletes a local Kubernetes cluster
  dashboard      Access the Kubernetes dashboard running within the minikube cluster
  pause          pause Kubernetes
  unpause        unpause Kubernetes

Images Commands:
  docker-env     Configure environment to use minikube's Docker daemon
  podman-env     Configure environment to use minikube's Podman service
  cache          Add, delete, or push a local image into minikube

Configuration and Management Commands:
  addons         Enable or disable a minikube addon
  config         Modify persistent configuration values
  profile        Get or list the current profiles (clusters)
  update-context Update kubeconfig in case of an IP or port change

Networking and Connectivity Commands:
  service        Returns a URL to connect to a service
  tunnel         Connect to LoadBalancer services

Advanced Commands:
  mount          Mounts the specified directory into minikube
  ssh            Log into the minikube environment (for debugging)
  kubectl        Run a kubectl binary matching the cluster version
  node           Add, remove, or list additional nodes

Troubleshooting Commands:
  ssh-key        Retrieve the ssh identity key path of the specified cluster
  ip             Retrieves the IP address of the running cluster
  logs           Returns logs to debug a local Kubernetes cluster
  update-check   Print current and latest version number
  version        Print the version of minikube

Other Commands:
  completion     Generate command completion for a shell

Use "minikube <command> --help" for more information about a given command.

C:\Program Files\Kubernetes\Minikube>install kubectl
'install' is not recognized as an internal or external command,
operable program or batch file.

C:\Program Files\Kubernetes\Minikube>minikube start --driver=docker
* minikube v1.12.3 on Microsoft Windows 10 Home 10.0.18363 Build 18363
! The existing "minikube" VM was created using the "virtualbox" driver, and is incompatible with the "docker" driver.
  - To proceed, either:

1) Delete the existing "minikube" cluster using: 'minikube delete'

* or *

2) Start the existing "minikube" cluster using: 'minikube start --driver=virtualbox'

X 


C:\Program Files\Kubernetes\Minikube>kubectl version
Client Version: version.Info{Major:"1", Minor:"18", GitVersion:"v1.18.0", GitCommit:"9e991415386e4cf155a24b1da15becaa390438d8", GitTreeState:"clean", BuildDate:"2020-03-25T14:58:59Z", GoVersion:"go1.13.8", Compiler:"gc", Platform:"windows/amd64"}
Server Version: version.Info{Major:"1", Minor:"18", GitVersion:"v1.18.3", GitCommit:"2e7996e3e2712684bc73f0dec0200d64eec7fe40", GitTreeState:"clean", BuildDate:"2020-05-20T12:43:34Z", GoVersion:"go1.13.9", Compiler:"gc", Platform:"linux/amd64"}

C:\Program Files\Kubernetes\Minikube>kubectl get pods
No resources found in default namespace.

C:\Program Files\Kubernetes\Minikube>kubectl get services
NAME         TYPE        CLUSTER-IP   EXTERNAL-IP   PORT(S)   AGE
kubernetes   ClusterIP   10.96.0.1    <none>        443/TCP   154m

C:\Program Files\Kubernetes\Minikube>kubectl create deployment mongodeploy --image=mongodb
deployment.apps/mongodeploy created

C:\Program Files\Kubernetes\Minikube>kubectl get pods
NAME                           READY   STATUS         RESTARTS   AGE
mongodeploy-845f946646-mzlnk   0/1     ErrImagePull   0          7s

C:\Program Files\Kubernetes\Minikube>kubectl get pods
NAME                           READY   STATUS             RESTARTS   AGE
mongodeploy-845f946646-mzlnk   0/1     ImagePullBackOff   0          20s

C:\Program Files\Kubernetes\Minikube>kubectl get pods
NAME                           READY   STATUS         RESTARTS   AGE
mongodeploy-845f946646-mzlnk   0/1     ErrImagePull   0          33s

C:\Program Files\Kubernetes\Minikube>kubectl create deployments ngnixdeploy --image=nginx
Error: unknown flag: --image
See 'kubectl create --help' for usage.

C:\Program Files\Kubernetes\Minikube>kubectl create --help
Create a resource from a file or from stdin.

 JSON and YAML formats are accepted.

Examples:
  # Create a pod using the data in pod.json.
  kubectl create -f ./pod.json

  # Create a pod based on the JSON passed into stdin.
  cat pod.json | kubectl create -f -

  # Edit the data in docker-registry.yaml in JSON then create the resource using the edited data.
  kubectl create -f docker-registry.yaml --edit -o json

Available Commands:
  clusterrole         Create a ClusterRole.
  clusterrolebinding  Create a ClusterRoleBinding for a particular ClusterRole
  configmap           Create a configmap from a local file, directory or literal value
  cronjob             Create a cronjob with the specified name.
  deployment          Create a deployment with the specified name.
  job                 Create a job with the specified name.
  namespace           Create a namespace with the specified name
  poddisruptionbudget Create a pod disruption budget with the specified name.
  priorityclass       Create a priorityclass with the specified name.
  quota               Create a quota with the specified name.
  role                Create a role with single rule.
  rolebinding         Create a RoleBinding for a particular Role or ClusterRole
  secret              Create a secret using specified subcommand
  service             Create a service using specified subcommand.
  serviceaccount      Create a service account with the specified name

Options:
      --allow-missing-template-keys=true: If true, ignore any errors in templates when a field or map key is missing in
the template. Only applies to golang and jsonpath output formats.
      --dry-run='none': Must be "none", "server", or "client". If client strategy, only print the object that would be
sent, without sending it. If server strategy, submit server-side request without persisting the resource.
      --edit=false: Edit the API resource before creating
  -f, --filename=[]: Filename, directory, or URL to files to use to create the resource
  -k, --kustomize='': Process the kustomization directory. This flag can't be used together with -f or -R.
  -o, --output='': Output format. One of:
json|yaml|name|go-template|go-template-file|template|templatefile|jsonpath|jsonpath-file.
      --raw='': Raw URI to POST to the server.  Uses the transport specified by the kubeconfig file.
      --record=false: Record current kubectl command in the resource annotation. If set to false, do not record the
command. If set to true, record the command. If not set, default to updating the existing annotation value only if one
already exists.
  -R, --recursive=false: Process the directory used in -f, --filename recursively. Useful when you want to manage
related manifests organized within the same directory.
      --save-config=false: If true, the configuration of current object will be saved in its annotation. Otherwise, the
annotation will be unchanged. This flag is useful when you want to perform kubectl apply on this object in the future.
  -l, --selector='': Selector (label query) to filter on, supports '=', '==', and '!='.(e.g. -l key1=value1,key2=value2)
      --template='': Template string or path to template file to use when -o=go-template, -o=go-template-file. The
template format is golang templates [http://golang.org/pkg/text/template/#pkg-overview].
      --validate=true: If true, use a schema to validate the input before sending it
      --windows-line-endings=true: Only relevant if --edit=true. Defaults to the line ending native to your platform.

Usage:
  kubectl create -f FILENAME [options]

Use "kubectl <command> --help" for more information about a given command.
Use "kubectl options" for a list of global command-line options (applies to all commands).

C:\Program Files\Kubernetes\Minikube>kubectl create deployment nginx-deploy --image=nginx
deployment.apps/nginx-deploy created

C:\Program Files\Kubernetes\Minikube>kubectl get deployment
NAME           READY   UP-TO-DATE   AVAILABLE   AGE
mongodeploy    0/1     1            0           3m29s
nginx-deploy   1/1     1            1           19s

C:\Program Files\Kubernetes\Minikube>kubectl rm mongodeploy
Error: unknown command "rm" for "kubectl"

Did you mean this?
        run
        delete
        cp

Run 'kubectl --help' for usage.

C:\Program Files\Kubernetes\Minikube>kubectl delete mongodeploy
error: the server doesn't have a resource type "mongodeploy"

C:\Program Files\Kubernetes\Minikube>kubectl delete deployment mongodeploy
deployment.apps "mongodeploy" deleted

C:\Program Files\Kubernetes\Minikube>kubectl get deployment
NAME           READY   UP-TO-DATE   AVAILABLE   AGE
nginx-deploy   1/1     1            1           84s

C:\Program Files\Kubernetes\Minikube>kubectl get replicaset
NAME                     DESIRED   CURRENT   READY   AGE
nginx-deploy-d4789f999   1         1         1       96s

C:\Program Files\Kubernetes\Minikube>kubectl create deployment mongo-deploy --image=mongo
deployment.apps/mongo-deploy created

C:\Program Files\Kubernetes\Minikube>kubectl get pod
NAME                            READY   STATUS              RESTARTS   AGE
mongo-deploy-76c8d88f55-r5kv2   0/1     ContainerCreating   0          6s
nginx-deploy-d4789f999-79vfp    1/1     Running             0          2m45s

C:\Program Files\Kubernetes\Minikube>kubectl get pod
NAME                            READY   STATUS              RESTARTS   AGE
mongo-deploy-76c8d88f55-r5kv2   0/1     ContainerCreating   0          15s
nginx-deploy-d4789f999-79vfp    1/1     Running             0          2m54s

C:\Program Files\Kubernetes\Minikube>kubectl exec -it mongo-deploy -- bin/bash
Error from server (NotFound): pods "mongo-deploy" not found

C:\Program Files\Kubernetes\Minikube>kubectl edit deployment nginx
Error from server (NotFound): deployments.apps "nginx" not found

C:\Program Files\Kubernetes\Minikube>kubectl edit deployment nginx-deploy
deployment.apps/nginx-deploy edited

C:\Program Files\Kubernetes\Minikube>kubectl get pods
NAME                            READY   STATUS              RESTARTS   AGE
mongo-deploy-76c8d88f55-r5kv2   1/1     Running             0          3m58s
nginx-deploy-7674bcd875-ktxk2   0/1     ContainerCreating   0          7s
nginx-deploy-d4789f999-79vfp    1/1     Running             0          6m37s

C:\Program Files\Kubernetes\Minikube>kubectl get pods
NAME                            READY   STATUS    RESTARTS   AGE
mongo-deploy-76c8d88f55-r5kv2   1/1     Running   0          4m12s
nginx-deploy-7674bcd875-ktxk2   1/1     Running   0          21s

C:\Program Files\Kubernetes\Minikube>kubectl get replicaset
NAME                      DESIRED   CURRENT   READY   AGE
mongo-deploy-76c8d88f55   1         1         1       4m41s
nginx-deploy-7674bcd875   1         1         1       50s
nginx-deploy-d4789f999    0         0         0       7m20s

C:\Program Files\Kubernetes\Minikube>kubectl logs mongo-deploy
Error from server (NotFound): pods "mongo-deploy" not found

C:\Program Files\Kubernetes\Minikube>kubectl logs mongo-deploy-76c8d88f55
Error from server (NotFound): pods "mongo-deploy-76c8d88f55" not found

C:\Program Files\Kubernetes\Minikube>kubectl logs mongo-deploy-76c8d88f55-r5kv2
{"t":{"$date":"2020-08-31T19:47:59.478+00:00"},"s":"I",  "c":"CONTROL",  "id":23285,   "ctx":"main","msg":"Automatically disabling TLS 1.0, to force-enable TLS 1.0 specify --sslDisabledProtocols 'none'"}
{"t":{"$date":"2020-08-31T19:47:59.479+00:00"},"s":"W",  "c":"ASIO",     "id":22601,   "ctx":"main","msg":"No TransportLayer configured during NetworkInterface startup"}
{"t":{"$date":"2020-08-31T19:47:59.479+00:00"},"s":"I",  "c":"NETWORK",  "id":4648601, "ctx":"main","msg":"Implicit TCP FastOpen unavailable. If TCP FastOpen is required, set tcpFastOpenServer, tcpFastOpenClient, and tcpFastOpenQueueSize."}
{"t":{"$date":"2020-08-31T19:47:59.480+00:00"},"s":"I",  "c":"STORAGE",  "id":4615611, "ctx":"initandlisten","msg":"MongoDB starting","attr":{"pid":1,"port":27017,"dbPath":"/data/db","architecture":"64-bit","host":"mongo-deploy-76c8d88f55-r5kv2"}}
{"t":{"$date":"2020-08-31T19:47:59.480+00:00"},"s":"I",  "c":"CONTROL",  "id":23403,   "ctx":"initandlisten","msg":"Build Info","attr":{"buildInfo":{"version":"4.4.0","gitVersion":"563487e100c4215e2dce98d0af2a6a5a2d67c5cf","openSSLVersion":"OpenSSL 1.1.1  11 Sep 2018","modules":[],"allocator":"tcmalloc","environment":{"distmod":"ubuntu1804","distarch":"x86_64","target_arch":"x86_64"}}}}
{"t":{"$date":"2020-08-31T19:47:59.480+00:00"},"s":"I",  "c":"CONTROL",  "id":51765,   "ctx":"initandlisten","msg":"Operating System","attr":{"os":{"name":"Ubuntu","version":"18.04"}}}
{"t":{"$date":"2020-08-31T19:47:59.480+00:00"},"s":"I",  "c":"CONTROL",  "id":21951,   "ctx":"initandlisten","msg":"Options set by command line","attr":{"options":{"net":{"bindIp":"*"}}}}
{"t":{"$date":"2020-08-31T19:47:59.481+00:00"},"s":"I",  "c":"STORAGE",  "id":22297,   "ctx":"initandlisten","msg":"Using the XFS filesystem is strongly recommended with the WiredTiger storage engine. See http://dochub.mongodb.org/core/prodnotes-filesystem","tags":["startupWarnings"]}
{"t":{"$date":"2020-08-31T19:47:59.481+00:00"},"s":"I",  "c":"STORAGE",  "id":22315,   "ctx":"initandlisten","msg":"Opening WiredTiger","attr":{"config":"create,cache_size=1409M,session_max=33000,eviction=(threads_min=4,threads_max=4),config_base=false,statistics=(fast),log=(enabled=true,archive=true,path=journal,compressor=snappy),file_manager=(close_idle_time=100000,close_scan_interval=10,close_handle_minimum=250),statistics_log=(wait=0),verbose=[recovery_progress,checkpoint_progress,compact_progress],"}}
{"t":{"$date":"2020-08-31T19:47:59.961+00:00"},"s":"I",  "c":"STORAGE",  "id":22430,   "ctx":"initandlisten","msg":"WiredTiger message","attr":{"message":"[1598903279:961327][1:0x7f60126a5a80], txn-recover: [WT_VERB_RECOVERY | WT_VERB_RECOVERY_PROGRESS] Set global recovery timestamp: (0, 0)"}}
{"t":{"$date":"2020-08-31T19:47:59.966+00:00"},"s":"I",  "c":"STORAGE",  "id":4795906, "ctx":"initandlisten","msg":"WiredTiger opened","attr":{"durationMillis":485}}
{"t":{"$date":"2020-08-31T19:47:59.966+00:00"},"s":"I",  "c":"RECOVERY", "id":23987,   "ctx":"initandlisten","msg":"WiredTiger recoveryTimestamp","attr":{"recoveryTimestamp":{"$timestamp":{"t":0,"i":0}}}}
{"t":{"$date":"2020-08-31T19:47:59.976+00:00"},"s":"I",  "c":"STORAGE",  "id":22262,   "ctx":"initandlisten","msg":"Timestamp monitor starting"}
{"t":{"$date":"2020-08-31T19:47:59.978+00:00"},"s":"W",  "c":"CONTROL",  "id":22120,   "ctx":"initandlisten","msg":"Access control is not enabled for the database. Read and write access to data and configuration is unrestricted","tags":["startupWarnings"]}
{"t":{"$date":"2020-08-31T19:47:59.979+00:00"},"s":"I",  "c":"STORAGE",  "id":20320,   "ctx":"initandlisten","msg":"createCollection","attr":{"namespace":"admin.system.version","uuidDisposition":"provided","uuid":{"uuid":{"$uuid":"45ba11e5-8600-43a2-9441-cf45b7c117e2"}},"options":{"uuid":{"$uuid":"45ba11e5-8600-43a2-9441-cf45b7c117e2"}}}}
{"t":{"$date":"2020-08-31T19:47:59.989+00:00"},"s":"I",  "c":"INDEX",    "id":20345,   "ctx":"initandlisten","msg":"Index build: done building","attr":{"buildUUID":null,"namespace":"admin.system.version","index":"_id_","commitTimestamp":{"$timestamp":{"t":0,"i":0}}}}
{"t":{"$date":"2020-08-31T19:47:59.989+00:00"},"s":"I",  "c":"COMMAND",  "id":20459,   "ctx":"initandlisten","msg":"Setting featureCompatibilityVersion","attr":{"newVersion":"4.4"}}
{"t":{"$date":"2020-08-31T19:47:59.989+00:00"},"s":"I",  "c":"STORAGE",  "id":20536,   "ctx":"initandlisten","msg":"Flow Control is enabled on this deployment"}
{"t":{"$date":"2020-08-31T19:47:59.990+00:00"},"s":"I",  "c":"STORAGE",  "id":20320,   "ctx":"initandlisten","msg":"createCollection","attr":{"namespace":"local.startup_log","uuidDisposition":"generated","uuid":{"uuid":{"$uuid":"e065e9fe-3c0a-4a36-aaad-68812431955b"}},"options":{"capped":true,"size":10485760}}}
{"t":{"$date":"2020-08-31T19:48:00.000+00:00"},"s":"I",  "c":"INDEX",    "id":20345,   "ctx":"initandlisten","msg":"Index build: done building","attr":{"buildUUID":null,"namespace":"local.startup_log","index":"_id_","commitTimestamp":{"$timestamp":{"t":0,"i":0}}}}
{"t":{"$date":"2020-08-31T19:48:00.000+00:00"},"s":"I",  "c":"FTDC",     "id":20625,   "ctx":"initandlisten","msg":"Initializing full-time diagnostic data capture","attr":{"dataDirectory":"/data/db/diagnostic.data"}}
{"t":{"$date":"2020-08-31T19:48:00.002+00:00"},"s":"I",  "c":"CONTROL",  "id":20712,   "ctx":"LogicalSessionCacheReap","msg":"Sessions collection is not set up; waiting until next sessions reap interval","attr":{"error":"NamespaceNotFound: config.system.sessions does not exist"}}
{"t":{"$date":"2020-08-31T19:48:00.002+00:00"},"s":"I",  "c":"STORAGE",  "id":20320,   "ctx":"LogicalSessionCacheRefresh","msg":"createCollection","attr":{"namespace":"config.system.sessions","uuidDisposition":"generated","uuid":{"uuid":{"$uuid":"383f4f76-04cb-45c3-b8c8-6e95b93bc079"}},"options":{}}}
{"t":{"$date":"2020-08-31T19:48:00.002+00:00"},"s":"I",  "c":"NETWORK",  "id":23015,   "ctx":"listener","msg":"Listening on","attr":{"address":"/tmp/mongodb-27017.sock"}}
{"t":{"$date":"2020-08-31T19:48:00.002+00:00"},"s":"I",  "c":"NETWORK",  "id":23015,   "ctx":"listener","msg":"Listening on","attr":{"address":"0.0.0.0"}}
{"t":{"$date":"2020-08-31T19:48:00.002+00:00"},"s":"I",  "c":"NETWORK",  "id":23016,   "ctx":"listener","msg":"Waiting for connections","attr":{"port":27017,"ssl":"off"}}
{"t":{"$date":"2020-08-31T19:48:00.016+00:00"},"s":"I",  "c":"INDEX",    "id":20345,   "ctx":"LogicalSessionCacheRefresh","msg":"Index build: done building","attr":{"buildUUID":null,"namespace":"config.system.sessions","index":"_id_","commitTimestamp":{"$timestamp":{"t":0,"i":0}}}}
{"t":{"$date":"2020-08-31T19:48:00.016+00:00"},"s":"I",  "c":"INDEX",    "id":20345,   "ctx":"LogicalSessionCacheRefresh","msg":"Index build: done building","attr":{"buildUUID":null,"namespace":"config.system.sessions","index":"lsidTTLIndex","commitTimestamp":{"$timestamp":{"t":0,"i":0}}}}

C:\Program Files\Kubernetes\Minikube>kubectl get pods
NAME                            READY   STATUS    RESTARTS   AGE
mongo-deploy-76c8d88f55-r5kv2   1/1     Running   0          6m30s
nginx-deploy-7674bcd875-ktxk2   1/1     Running   0          2m39s

C:\Program Files\Kubernetes\Minikube>kubectl logs nginx-deploy-7674bcd875-ktxk2

C:\Program Files\Kubernetes\Minikube>kubectl exec -it mongo-deploy-76c8d88f55-r5kv2 -- bin/bash
root@mongo-deploy-76c8d88f55-r5kv2:/# ls -l
total 180
drwxr-xr-x   2 root root   4096 Aug  7 22:41 bin
drwxr-xr-x   2 root root   4096 Apr 24  2018 boot
drwxr-xr-x   4 root root   4096 Aug 19 23:29 data
drwxr-xr-x   5 root root    360 Aug 31 19:47 dev
drwxr-xr-x   2 root root   4096 Aug 19 23:28 docker-entrypoint-initdb.d
drwxr-xr-x   1 root root   4096 Aug 31 19:47 etc
drwxr-xr-x   2 root root   4096 Apr 24  2018 home
-rw-r--r--   1 root root 108975 Aug 19 23:28 js-yaml.js
drwxr-xr-x   1 root root   4096 May 23  2017 lib
drwxr-xr-x   2 root root   4096 Aug  7 22:41 lib64
drwxr-xr-x   2 root root   4096 Aug  7 22:39 media
drwxr-xr-x   2 root root   4096 Aug  7 22:39 mnt
drwxr-xr-x   2 root root   4096 Aug  7 22:39 opt
dr-xr-xr-x 191 root root      0 Aug 31 19:47 proc
drwx------   1 root root   4096 Aug 19 23:28 root
drwxr-xr-x   1 root root   4096 Aug 31 19:47 run
drwxr-xr-x   1 root root   4096 Aug 19 21:13 sbin
drwxr-xr-x   2 root root   4096 Aug  7 22:39 srv
dr-xr-xr-x  12 root root      0 Aug 31 19:47 sys
drwxrwxrwt   1 root root   4096 Aug 31 19:47 tmp
drwxr-xr-x   1 root root   4096 Aug  7 22:39 usr
drwxr-xr-x   1 root root   4096 Aug  7 22:41 var
root@mongo-deploy-76c8d88f55-r5kv2:/# exit
exit
Microsoft Windows [Version 10.0.18363.1016]
(c) 2019 Microsoft Corporation. All rights reserved.

C:\Users\Kruti>systeminfo

Host Name:                 DESKTOP-HHQ13HO
OS Name:                   Microsoft Windows 10 Home
OS Version:                10.0.18363 N/A Build 18363
OS Manufacturer:           Microsoft Corporation
OS Configuration:          Standalone Workstation
OS Build Type:             Multiprocessor Free
Registered Owner:          Kruti
Registered Organization:   N/A
Product ID:                00325-81830-67098-AAOEM
Original Install Date:     2020-08-07, 4:36:46 PM
System Boot Time:          2020-08-28, 8:26:14 PM
System Manufacturer:       Dell Inc.
System Model:              XPS 15 7590
System Type:               x64-based PC
Processor(s):              1 Processor(s) Installed.
                           [01]: Intel64 Family 6 Model 158 Stepping 10 GenuineIntel ~2592 Mhz
BIOS Version:              Dell Inc. 1.7.0, 2020-05-11
Windows Directory:         C:\Windows
System Directory:          C:\Windows\system32
Boot Device:               \Device\HarddiskVolume1
System Locale:             en-us;English (United States)
Input Locale:              en-us;English (United States)
Time Zone:                 (UTC-05:00) Eastern Time (US & Canada)
Total Physical Memory:     16,111 MB
Available Physical Memory: 7,569 MB
Virtual Memory: Max Size:  32,495 MB
Virtual Memory: Available: 19,452 MB
Virtual Memory: In Use:    13,043 MB
Page File Location(s):     C:\pagefile.sys
Domain:                    WORKGROUP
Logon Server:              \\DESKTOP-HHQ13HO
Hotfix(s):                 8 Hotfix(s) Installed.
                           [01]: KB4569751
                           [02]: KB4497727
                           [03]: KB4517245
                           [04]: KB4552152
                           [05]: KB4559309
                           [06]: KB4561600
                           [07]: KB4569073
                           [08]: KB4565351
Network Card(s):           4 NIC(s) Installed.
                           [01]: Killer(R) Wi-Fi 6 AX1650x 160MHz Wireless Network Adapter (200NGW)
                                 Connection Name: Wi-Fi
                                 DHCP Enabled:    Yes
                                 DHCP Server:     192.168.0.1
                                 IP address(es)
                                 [01]: 192.168.0.21
                                 [02]: fe80::89af:8ea4:f648:27bc
                                 [03]: 2607:fea8:115f:bb50:b061:6188:faaa:ec9b
                                 [04]: 2607:fea8:115f:bb50:89af:8ea4:f648:27bc
                                 [05]: 2607:fea8:115f:bb50::91fa
                           [02]: Bluetooth Device (Personal Area Network)
                                 Connection Name: Bluetooth Network Connection
                                 Status:          Media disconnected
                           [03]: VirtualBox Host-Only Ethernet Adapter
                                 Connection Name: VirtualBox Host-Only Network
                                 DHCP Enabled:    No
                                 IP address(es)
                                 [01]: 192.168.56.1
                                 [02]: fe80::9889:167c:be0d:6826
                           [04]: VirtualBox Host-Only Ethernet Adapter
                                 Connection Name: VirtualBox Host-Only Network #2
                                 DHCP Enabled:    No
                                 IP address(es)
                                 [01]: 192.168.99.1
                                 [02]: fe80::98bb:ed9e:a955:ba13
Hyper-V Requirements:      VM Monitor Mode Extensions: Yes
                           Virtualization Enabled In Firmware: Yes
                           Second Level Address Translation: Yes
                           Data Execution Prevention Available: Yes

C:\Users\Kruti>minikube status
'minikube' is not recognized as an internal or external command,
operable program or batch file.

C:\Users\Kruti>cd C:\Program Files\Kubernetes\Minikube

C:\Program Files\Kubernetes\Minikube>minikube status
* There is no local cluster named "minikube"
  - To fix this, run: "minikube start"

C:\Program Files\Kubernetes\Minikube>minikube start
* minikube v1.12.3 on Microsoft Windows 10 Home 10.0.18363 Build 18363
* Automatically selected the virtualbox driver
* Downloading VM boot image ...
    > minikube-v1.12.2.iso.sha256: 65 B / 65 B [-------------] 100.00% ? p/s 0s
    > minikube-v1.12.2.iso: 173.73 MiB / 173.73 MiB [] 100.00% 29.64 MiB p/s 6s
* Starting control plane node minikube in cluster minikube
* Downloading Kubernetes v1.18.3 preload ...
    > preloaded-images-k8s-v5-v1.18.3-docker-overlay2-amd64.tar.lz4: 510.91 MiB
* Creating virtualbox VM (CPUs=2, Memory=4000MB, Disk=20000MB) ...
* Found network options:
  - NO_PROXY=192.168.99.100
  - no_proxy=192.168.99.100
* Preparing Kubernetes v1.18.3 on Docker 19.03.12 ...
  - env NO_PROXY=192.168.99.100
* Verifying Kubernetes components...
* Enabled addons: default-storageclass, storage-provisioner
* Done! kubectl is now configured to use "minikube"
* Kubectl not found in your path
  - You can use kubectl inside minikube. For more information, visit https://minikube.sigs.k8s.io/docs/handbook/kubectl/* For best results, install kubectl: https://kubernetes.io/docs/tasks/tools/install-kubectl/

C:\Program Files\Kubernetes\Minikube>minikube status
minikube
type: Control Plane
host: Running
kubelet: Running
apiserver: Running
kubeconfig: Configured


C:\Program Files\Kubernetes\Minikube>minikube start
* minikube v1.12.3 on Microsoft Windows 10 Home 10.0.18363 Build 18363
* Using the virtualbox driver based on existing profile
* Starting control plane node minikube in cluster minikube
* Updating the running virtualbox "minikube" VM ...
* Found network options:
  - NO_PROXY=192.168.99.100
  - no_proxy=192.168.99.100
* Preparing Kubernetes v1.18.3 on Docker 19.03.12 ...
  - env NO_PROXY=192.168.99.100
* Verifying Kubernetes components...
* Enabled addons: default-storageclass, storage-provisioner
* Done! kubectl is now configured to use "minikube"
* Kubectl not found in your path
  - You can use kubectl inside minikube. For more information, visit https://minikube.sigs.k8s.io/docs/handbook/kubectl/
* For best results, install kubectl: https://kubernetes.io/docs/tasks/tools/install-kubectl/


C:\Program Files\Kubernetes\Minikube>minikube start
* minikube v1.12.3 on Microsoft Windows 10 Home 10.0.18363 Build 18363
* Using the virtualbox driver based on existing profile
* Starting control plane node minikube in cluster minikube
* Updating the running virtualbox "minikube" VM ...
* Found network options:
  - NO_PROXY=192.168.99.100
  - no_proxy=192.168.99.100
* Preparing Kubernetes v1.18.3 on Docker 19.03.12 ...
  - env NO_PROXY=192.168.99.100
* Verifying Kubernetes components...
* Enabled addons: default-storageclass, storage-provisioner
* Done! kubectl is now configured to use "minikube"

C:\Program Files\Kubernetes\Minikube>kubectl --version
Error: unknown flag: --version
See 'kubectl --help' for usage.

C:\Program Files\Kubernetes\Minikube>kubectl
kubectl controls the Kubernetes cluster manager.

 Find more information at: https://kubernetes.io/docs/reference/kubectl/overview/

Basic Commands (Beginner):
  create        Create a resource from a file or from stdin.
  expose        Take a replication controller, service, deployment or pod and expose it as a new Kubernetes Service
  run           Run a particular image on the cluster
  set           Set specific features on objects

Basic Commands (Intermediate):
  explain       Documentation of resources
  get           Display one or many resources
  edit          Edit a resource on the server
  delete        Delete resources by filenames, stdin, resources and names, or by resources and label selector

Deploy Commands:
  rollout       Manage the rollout of a resource
  scale         Set a new size for a Deployment, ReplicaSet or Replication Controller
  autoscale     Auto-scale a Deployment, ReplicaSet, or ReplicationController

Cluster Management Commands:
  certificate   Modify certificate resources.
  cluster-info  Display cluster info
  top           Display Resource (CPU/Memory/Storage) usage.
  cordon        Mark node as unschedulable
  uncordon      Mark node as schedulable
  drain         Drain node in preparation for maintenance
  taint         Update the taints on one or more nodes

Troubleshooting and Debugging Commands:
  describe      Show details of a specific resource or group of resources
  logs          Print the logs for a container in a pod
  attach        Attach to a running container
  exec          Execute a command in a container
  port-forward  Forward one or more local ports to a pod
  proxy         Run a proxy to the Kubernetes API server
  cp            Copy files and directories to and from containers.
  auth          Inspect authorization

Advanced Commands:
  diff          Diff live version against would-be applied version
  apply         Apply a configuration to a resource by filename or stdin
  patch         Update field(s) of a resource using strategic merge patch
  replace       Replace a resource by filename or stdin
  wait          Experimental: Wait for a specific condition on one or many resources.
  convert       Convert config files between different API versions
  kustomize     Build a kustomization target from a directory or a remote url.

Settings Commands:
  label         Update the labels on a resource
  annotate      Update the annotations on a resource
  completion    Output shell completion code for the specified shell (bash or zsh)

Other Commands:
  alpha         Commands for features in alpha
  api-resources Print the supported API resources on the server
  api-versions  Print the supported API versions on the server, in the form of "group/version"
  config        Modify kubeconfig files
  plugin        Provides utilities for interacting with plugins.
  version       Print the client and server version information

Usage:
  kubectl [flags] [options]

Use "kubectl <command> --help" for more information about a given command.
Use "kubectl options" for a list of global command-line options (applies to all commands).

C:\Program Files\Kubernetes\Minikube>kubectl get nodes
NAME       STATUS   ROLES    AGE    VERSION
minikube   Ready    master   150m   v1.18.3

C:\Program Files\Kubernetes\Minikube>minikube status
minikube
type: Control Plane
host: Running
kubelet: Running
apiserver: Running
kubeconfig: Configured


C:\Program Files\Kubernetes\Minikube>kubectl version
Client Version: version.Info{Major:"1", Minor:"18", GitVersion:"v1.18.0", GitCommit:"9e991415386e4cf155a24b1da15becaa390438d8", GitTreeState:"clean", BuildDate:"2020-03-25T14:58:59Z", GoVersion:"go1.13.8", Compiler:"gc", Platform:"windows/amd64"}
Server Version: version.Info{Major:"1", Minor:"18", GitVersion:"v1.18.3", GitCommit:"2e7996e3e2712684bc73f0dec0200d64eec7fe40", GitTreeState:"clean", BuildDate:"2020-05-20T12:43:34Z", GoVersion:"go1.13.9", Compiler:"gc", Platform:"linux/amd64"}

C:\Program Files\Kubernetes\Minikube>kubectl get pods
No resources found in default namespace.

C:\Program Files\Kubernetes\Minikube>kubectl get services
NAME         TYPE        CLUSTER-IP   EXTERNAL-IP   PORT(S)   AGE
kubernetes   ClusterIP   10.96.0.1    <none>        443/TCP   154m

C:\Program Files\Kubernetes\Minikube>kubectl create deployment mongodeploy --image=mongodb
deployment.apps/mongodeploy created

C:\Program Files\Kubernetes\Minikube>kubectl get pods
NAME                           READY   STATUS         RESTARTS   AGE
mongodeploy-845f946646-mzlnk   0/1     ErrImagePull   0          7s

C:\Program Files\Kubernetes\Minikube>kubectl get pods
NAME                           READY   STATUS             RESTARTS   AGE
mongodeploy-845f946646-mzlnk   0/1     ImagePullBackOff   0          20s

C:\Program Files\Kubernetes\Minikube>kubectl get pods
NAME                           READY   STATUS         RESTARTS   AGE
mongodeploy-845f946646-mzlnk   0/1     ErrImagePull   0          33s

C:\Program Files\Kubernetes\Minikube>kubectl create deployments ngnixdeploy --image=nginx
Error: unknown flag: --image
See 'kubectl create --help' for usage.

C:\Program Files\Kubernetes\Minikube>kubectl create --help
Create a resource from a file or from stdin.

 JSON and YAML formats are accepted.

Examples:
  # Create a pod using the data in pod.json.
  kubectl create -f ./pod.json

  # Create a pod based on the JSON passed into stdin.
  cat pod.json | kubectl create -f -

  # Edit the data in docker-registry.yaml in JSON then create the resource using the edited data.
  kubectl create -f docker-registry.yaml --edit -o json

Available Commands:
  clusterrole         Create a ClusterRole.
  clusterrolebinding  Create a ClusterRoleBinding for a particular ClusterRole
  configmap           Create a configmap from a local file, directory or literal value
  cronjob             Create a cronjob with the specified name.
  deployment          Create a deployment with the specified name.
  job                 Create a job with the specified name.
  namespace           Create a namespace with the specified name
  poddisruptionbudget Create a pod disruption budget with the specified name.
  priorityclass       Create a priorityclass with the specified name.
  quota               Create a quota with the specified name.
  role                Create a role with single rule.
  rolebinding         Create a RoleBinding for a particular Role or ClusterRole
  secret              Create a secret using specified subcommand
  service             Create a service using specified subcommand.
  serviceaccount      Create a service account with the specified name

Options:
      --allow-missing-template-keys=true: If true, ignore any errors in templates when a field or map key is missing in
the template. Only applies to golang and jsonpath output formats.
      --dry-run='none': Must be "none", "server", or "client". If client strategy, only print the object that would be
sent, without sending it. If server strategy, submit server-side request without persisting the resource.
      --edit=false: Edit the API resource before creating
  -f, --filename=[]: Filename, directory, or URL to files to use to create the resource
  -k, --kustomize='': Process the kustomization directory. This flag can't be used together with -f or -R.
  -o, --output='': Output format. One of:
json|yaml|name|go-template|go-template-file|template|templatefile|jsonpath|jsonpath-file.
      --raw='': Raw URI to POST to the server.  Uses the transport specified by the kubeconfig file.
      --record=false: Record current kubectl command in the resource annotation. If set to false, do not record the
command. If set to true, record the command. If not set, default to updating the existing annotation value only if one
already exists.
  -R, --recursive=false: Process the directory used in -f, --filename recursively. Useful when you want to manage
related manifests organized within the same directory.
      --save-config=false: If true, the configuration of current object will be saved in its annotation. Otherwise, the
annotation will be unchanged. This flag is useful when you want to perform kubectl apply on this object in the future.
  -l, --selector='': Selector (label query) to filter on, supports '=', '==', and '!='.(e.g. -l key1=value1,key2=value2)
      --template='': Template string or path to template file to use when -o=go-template, -o=go-template-file. The
template format is golang templates [http://golang.org/pkg/text/template/#pkg-overview].
      --validate=true: If true, use a schema to validate the input before sending it
      --windows-line-endings=true: Only relevant if --edit=true. Defaults to the line ending native to your platform.

Usage:
  kubectl create -f FILENAME [options]

Use "kubectl <command> --help" for more information about a given command.
Use "kubectl options" for a list of global command-line options (applies to all commands).

C:\Program Files\Kubernetes\Minikube>kubectl create deployment nginx-deploy --image=nginx
deployment.apps/nginx-deploy created

C:\Program Files\Kubernetes\Minikube>kubectl get deployment
NAME           READY   UP-TO-DATE   AVAILABLE   AGE
mongodeploy    0/1     1            0           3m29s
nginx-deploy   1/1     1            1           19s


C:\Program Files\Kubernetes\Minikube>kubectl delete mongodeploy
error: the server doesn't have a resource type "mongodeploy"

C:\Program Files\Kubernetes\Minikube>kubectl delete deployment mongodeploy
deployment.apps "mongodeploy" deleted

C:\Program Files\Kubernetes\Minikube>kubectl get deployment
NAME           READY   UP-TO-DATE   AVAILABLE   AGE
nginx-deploy   1/1     1            1           84s

C:\Program Files\Kubernetes\Minikube>kubectl get replicaset
NAME                     DESIRED   CURRENT   READY   AGE
nginx-deploy-d4789f999   1         1         1       96s

C:\Program Files\Kubernetes\Minikube>kubectl create deployment mongo-deploy --image=mongo
deployment.apps/mongo-deploy created

C:\Program Files\Kubernetes\Minikube>kubectl get pod
NAME                            READY   STATUS              RESTARTS   AGE
mongo-deploy-76c8d88f55-r5kv2   0/1     ContainerCreating   0          6s
nginx-deploy-d4789f999-79vfp    1/1     Running             0          2m45s

C:\Program Files\Kubernetes\Minikube>kubectl get pod
NAME                            READY   STATUS              RESTARTS   AGE
mongo-deploy-76c8d88f55-r5kv2   0/1     ContainerCreating   0          15s
nginx-deploy-d4789f999-79vfp    1/1     Running             0          2m54s


C:\Program Files\Kubernetes\Minikube>kubectl edit deployment nginx-deploy
deployment.apps/nginx-deploy edited

C:\Program Files\Kubernetes\Minikube>kubectl get pods
NAME                            READY   STATUS              RESTARTS   AGE
mongo-deploy-76c8d88f55-r5kv2   1/1     Running             0          3m58s
nginx-deploy-7674bcd875-ktxk2   0/1     ContainerCreating   0          7s
nginx-deploy-d4789f999-79vfp    1/1     Running             0          6m37s

C:\Program Files\Kubernetes\Minikube>kubectl get pods
NAME                            READY   STATUS    RESTARTS   AGE
mongo-deploy-76c8d88f55-r5kv2   1/1     Running   0          4m12s
nginx-deploy-7674bcd875-ktxk2   1/1     Running   0          21s

C:\Program Files\Kubernetes\Minikube>kubectl get replicaset
NAME                      DESIRED   CURRENT   READY   AGE
mongo-deploy-76c8d88f55   1         1         1       4m41s
nginx-deploy-7674bcd875   1         1         1       50s
nginx-deploy-d4789f999    0         0         0       7m20s

C:\Program Files\Kubernetes\Minikube>kubectl logs mongo-deploy-76c8d88f55-r5kv2
{"t":{"$date":"2020-08-31T19:47:59.478+00:00"},"s":"I",  "c":"CONTROL",  "id":23285,   "ctx":"main","msg":"Automatically disabling TLS 1.0, to force-enable TLS 1.0 specify --sslDisabledProtocols 'none'"}
{"t":{"$date":"2020-08-31T19:47:59.479+00:00"},"s":"W",  "c":"ASIO",     "id":22601,   "ctx":"main","msg":"No TransportLayer configured during NetworkInterface startup"}
{"t":{"$date":"2020-08-31T19:47:59.479+00:00"},"s":"I",  "c":"NETWORK",  "id":4648601, "ctx":"main","msg":"Implicit TCP FastOpen unavailable. If TCP FastOpen is required, set tcpFastOpenServer, tcpFastOpenClient, and tcpFastOpenQueueSize."}
{"t":{"$date":"2020-08-31T19:47:59.480+00:00"},"s":"I",  "c":"STORAGE",  "id":4615611, "ctx":"initandlisten","msg":"MongoDB starting","attr":{"pid":1,"port":27017,"dbPath":"/data/db","architecture":"64-bit","host":"mongo-deploy-76c8d88f55-r5kv2"}}
{"t":{"$date":"2020-08-31T19:47:59.480+00:00"},"s":"I",  "c":"CONTROL",  "id":23403,   "ctx":"initandlisten","msg":"Build Info","attr":{"buildInfo":{"version":"4.4.0","gitVersion":"563487e100c4215e2dce98d0af2a6a5a2d67c5cf","openSSLVersion":"OpenSSL 1.1.1  11 Sep 2018","modules":[],"allocator":"tcmalloc","environment":{"distmod":"ubuntu1804","distarch":"x86_64","target_arch":"x86_64"}}}}
{"t":{"$date":"2020-08-31T19:47:59.480+00:00"},"s":"I",  "c":"CONTROL",  "id":51765,   "ctx":"initandlisten","msg":"Operating System","attr":{"os":{"name":"Ubuntu","version":"18.04"}}}
{"t":{"$date":"2020-08-31T19:47:59.480+00:00"},"s":"I",  "c":"CONTROL",  "id":21951,   "ctx":"initandlisten","msg":"Options set by command line","attr":{"options":{"net":{"bindIp":"*"}}}}
{"t":{"$date":"2020-08-31T19:47:59.481+00:00"},"s":"I",  "c":"STORAGE",  "id":22297,   "ctx":"initandlisten","msg":"Using the XFS filesystem is strongly recommended with the WiredTiger storage engine. See http://dochub.mongodb.org/core/prodnotes-filesystem","tags":["startupWarnings"]}
{"t":{"$date":"2020-08-31T19:47:59.481+00:00"},"s":"I",  "c":"STORAGE",  "id":22315,   "ctx":"initandlisten","msg":"Opening WiredTiger","attr":{"config":"create,cache_size=1409M,session_max=33000,eviction=(threads_min=4,threads_max=4),config_base=false,statistics=(fast),log=(enabled=true,archive=true,path=journal,compressor=snappy),file_manager=(close_idle_time=100000,close_scan_interval=10,close_handle_minimum=250),statistics_log=(wait=0),verbose=[recovery_progress,checkpoint_progress,compact_progress],"}}
{"t":{"$date":"2020-08-31T19:47:59.961+00:00"},"s":"I",  "c":"STORAGE",  "id":22430,   "ctx":"initandlisten","msg":"WiredTiger message","attr":{"message":"[1598903279:961327][1:0x7f60126a5a80], txn-recover: [WT_VERB_RECOVERY | WT_VERB_RECOVERY_PROGRESS] Set global recovery timestamp: (0, 0)"}}
{"t":{"$date":"2020-08-31T19:47:59.966+00:00"},"s":"I",  "c":"STORAGE",  "id":4795906, "ctx":"initandlisten","msg":"WiredTiger opened","attr":{"durationMillis":485}}
{"t":{"$date":"2020-08-31T19:47:59.966+00:00"},"s":"I",  "c":"RECOVERY", "id":23987,   "ctx":"initandlisten","msg":"WiredTiger recoveryTimestamp","attr":{"recoveryTimestamp":{"$timestamp":{"t":0,"i":0}}}}
{"t":{"$date":"2020-08-31T19:47:59.976+00:00"},"s":"I",  "c":"STORAGE",  "id":22262,   "ctx":"initandlisten","msg":"Timestamp monitor starting"}
{"t":{"$date":"2020-08-31T19:47:59.978+00:00"},"s":"W",  "c":"CONTROL",  "id":22120,   "ctx":"initandlisten","msg":"Access control is not enabled for the database. Read and write access to data and configuration is unrestricted","tags":["startupWarnings"]}
{"t":{"$date":"2020-08-31T19:47:59.979+00:00"},"s":"I",  "c":"STORAGE",  "id":20320,   "ctx":"initandlisten","msg":"createCollection","attr":{"namespace":"admin.system.version","uuidDisposition":"provided","uuid":{"uuid":{"$uuid":"45ba11e5-8600-43a2-9441-cf45b7c117e2"}},"options":{"uuid":{"$uuid":"45ba11e5-8600-43a2-9441-cf45b7c117e2"}}}}
{"t":{"$date":"2020-08-31T19:47:59.989+00:00"},"s":"I",  "c":"INDEX",    "id":20345,   "ctx":"initandlisten","msg":"Index build: done building","attr":{"buildUUID":null,"namespace":"admin.system.version","index":"_id_","commitTimestamp":{"$timestamp":{"t":0,"i":0}}}}
{"t":{"$date":"2020-08-31T19:47:59.989+00:00"},"s":"I",  "c":"COMMAND",  "id":20459,   "ctx":"initandlisten","msg":"Setting featureCompatibilityVersion","attr":{"newVersion":"4.4"}}
{"t":{"$date":"2020-08-31T19:47:59.989+00:00"},"s":"I",  "c":"STORAGE",  "id":20536,   "ctx":"initandlisten","msg":"Flow Control is enabled on this deployment"}
{"t":{"$date":"2020-08-31T19:47:59.990+00:00"},"s":"I",  "c":"STORAGE",  "id":20320,   "ctx":"initandlisten","msg":"createCollection","attr":{"namespace":"local.startup_log","uuidDisposition":"generated","uuid":{"uuid":{"$uuid":"e065e9fe-3c0a-4a36-aaad-68812431955b"}},"options":{"capped":true,"size":10485760}}}
{"t":{"$date":"2020-08-31T19:48:00.000+00:00"},"s":"I",  "c":"INDEX",    "id":20345,   "ctx":"initandlisten","msg":"Index build: done building","attr":{"buildUUID":null,"namespace":"local.startup_log","index":"_id_","commitTimestamp":{"$timestamp":{"t":0,"i":0}}}}
{"t":{"$date":"2020-08-31T19:48:00.000+00:00"},"s":"I",  "c":"FTDC",     "id":20625,   "ctx":"initandlisten","msg":"Initializing full-time diagnostic data capture","attr":{"dataDirectory":"/data/db/diagnostic.data"}}
{"t":{"$date":"2020-08-31T19:48:00.002+00:00"},"s":"I",  "c":"CONTROL",  "id":20712,   "ctx":"LogicalSessionCacheReap","msg":"Sessions collection is not set up; waiting until next sessions reap interval","attr":{"error":"NamespaceNotFound: config.system.sessions does not exist"}}
{"t":{"$date":"2020-08-31T19:48:00.002+00:00"},"s":"I",  "c":"STORAGE",  "id":20320,   "ctx":"LogicalSessionCacheRefresh","msg":"createCollection","attr":{"namespace":"config.system.sessions","uuidDisposition":"generated","uuid":{"uuid":{"$uuid":"383f4f76-04cb-45c3-b8c8-6e95b93bc079"}},"options":{}}}
{"t":{"$date":"2020-08-31T19:48:00.002+00:00"},"s":"I",  "c":"NETWORK",  "id":23015,   "ctx":"listener","msg":"Listening on","attr":{"address":"/tmp/mongodb-27017.sock"}}
{"t":{"$date":"2020-08-31T19:48:00.002+00:00"},"s":"I",  "c":"NETWORK",  "id":23015,   "ctx":"listener","msg":"Listening on","attr":{"address":"0.0.0.0"}}
{"t":{"$date":"2020-08-31T19:48:00.002+00:00"},"s":"I",  "c":"NETWORK",  "id":23016,   "ctx":"listener","msg":"Waiting for connections","attr":{"port":27017,"ssl":"off"}}
{"t":{"$date":"2020-08-31T19:48:00.016+00:00"},"s":"I",  "c":"INDEX",    "id":20345,   "ctx":"LogicalSessionCacheRefresh","msg":"Index build: done building","attr":{"buildUUID":null,"namespace":"config.system.sessions","index":"_id_","commitTimestamp":{"$timestamp":{"t":0,"i":0}}}}
{"t":{"$date":"2020-08-31T19:48:00.016+00:00"},"s":"I",  "c":"INDEX",    "id":20345,   "ctx":"LogicalSessionCacheRefresh","msg":"Index build: done building","attr":{"buildUUID":null,"namespace":"config.system.sessions","index":"lsidTTLIndex","commitTimestamp":{"$timestamp":{"t":0,"i":0}}}}

C:\Program Files\Kubernetes\Minikube>kubectl get pods
NAME                            READY   STATUS    RESTARTS   AGE
mongo-deploy-76c8d88f55-r5kv2   1/1     Running   0          6m30s
nginx-deploy-7674bcd875-ktxk2   1/1     Running   0          2m39s

C:\Program Files\Kubernetes\Minikube>kubectl logs nginx-deploy-7674bcd875-ktxk2

C:\Program Files\Kubernetes\Minikube>kubectl exec -it mongo-deploy-76c8d88f55-r5kv2 -- bin/bash
root@mongo-deploy-76c8d88f55-r5kv2:/# ls -l
total 180
drwxr-xr-x   2 root root   4096 Aug  7 22:41 bin
drwxr-xr-x   2 root root   4096 Apr 24  2018 boot
drwxr-xr-x   4 root root   4096 Aug 19 23:29 data
drwxr-xr-x   5 root root    360 Aug 31 19:47 dev
drwxr-xr-x   2 root root   4096 Aug 19 23:28 docker-entrypoint-initdb.d
drwxr-xr-x   1 root root   4096 Aug 31 19:47 etc
drwxr-xr-x   2 root root   4096 Apr 24  2018 home
-rw-r--r--   1 root root 108975 Aug 19 23:28 js-yaml.js
drwxr-xr-x   1 root root   4096 May 23  2017 lib
drwxr-xr-x   2 root root   4096 Aug  7 22:41 lib64
drwxr-xr-x   2 root root   4096 Aug  7 22:39 media
drwxr-xr-x   2 root root   4096 Aug  7 22:39 mnt
drwxr-xr-x   2 root root   4096 Aug  7 22:39 opt
dr-xr-xr-x 191 root root      0 Aug 31 19:47 proc
drwx------   1 root root   4096 Aug 19 23:28 root
drwxr-xr-x   1 root root   4096 Aug 31 19:47 run
drwxr-xr-x   1 root root   4096 Aug 19 21:13 sbin
drwxr-xr-x   2 root root   4096 Aug  7 22:39 srv
dr-xr-xr-x  12 root root      0 Aug 31 19:47 sys
drwxrwxrwt   1 root root   4096 Aug 31 19:47 tmp
drwxr-xr-x   1 root root   4096 Aug  7 22:39 usr
drwxr-xr-x   1 root root   4096 Aug  7 22:41 var
root@mongo-deploy-76c8d88f55-r5kv2:/# exit
exit


C:\Program Files\Kubernetes\Minikube>kubectl apply -f nginx-deployment.yml
deployment.apps/nginx-deployment created

C:\Program Files\Kubernetes\Minikube>kubectl apply -f nginx-service.yml
service/nginx-service created

C:\Program Files\Kubernetes\Minikube>kubectl get pod
NAME                                READY   STATUS    RESTARTS   AGE
mongo-deploy-76c8d88f55-r5kv2       1/1     Running   0          27h
nginx-deploy-7674bcd875-ktxk2       1/1     Running   0          27h
nginx-deployment-67464b5f84-b62bn   1/1     Running   0          2m36s
nginx-deployment-67464b5f84-rlgc7   1/1     Running   0          2m36s

C:\Program Files\Kubernetes\Minikube>kubectl get service
NAME            TYPE        CLUSTER-IP      EXTERNAL-IP   PORT(S)   AGE
kubernetes      ClusterIP   10.96.0.1       <none>        443/TCP   30h
nginx-service   ClusterIP   10.100.66.150   <none>        80/TCP    30s

C:\Program Files\Kubernetes\Minikube>kubectl describe nginx-service
error: the server doesn't have a resource type "nginx-service"

C:\Program Files\Kubernetes\Minikube>kubectl describe nginx-service
error: the server doesn't have a resource type "nginx-service"

C:\Program Files\Kubernetes\Minikube>kubectl describe service nginx-service
Name:              nginx-service
Namespace:         default
Labels:            <none>
Annotations:       Selector:  app=nginx
Type:              ClusterIP
IP:                10.100.66.150
Port:              <unset>  80/TCP
TargetPort:        8080/TCP
Endpoints:         172.17.0.4:8080,172.17.0.6:8080
Session Affinity:  None
Events:            <none>

C:\Program Files\Kubernetes\Minikube>kubectl get pod -o wide
NAME                                READY   STATUS    RESTARTS   AGE     IP           NODE       NOMINATED NODE   READINESS GATES
mongo-deploy-76c8d88f55-r5kv2       1/1     Running   0          27h     172.17.0.3   minikube   <none>           <none>
nginx-deploy-7674bcd875-ktxk2       1/1     Running   0          27h     172.17.0.5   minikube   <none>           <none>
nginx-deployment-67464b5f84-b62bn   1/1     Running   0          5m41s   172.17.0.6   minikube   <none>           <none>
nginx-deployment-67464b5f84-rlgc7   1/1     Running   0          5m41s   172.17.0.4   minikube   <none>           <none>

C:\Program Files\Kubernetes\Minikube>kubectl get deployment nginx-deployment -o yaml
apiVersion: apps/v1
kind: Deployment
metadata:
  annotations:
    deployment.kubernetes.io/revision: "1"
    kubectl.kubernetes.io/last-applied-configuration: |
      {"apiVersion":"apps/v1","kind":"Deployment","metadata":{"annotations":{},"labels":{"app":"nginx"},"name":"nginx-deployment","namespace":"default"},"spec":{"replicas":2,"selector":{"matchLabels":{"app":"nginx"}},"template":{"metadata":{"labels":{"app":"nginx"}},"spec":{"containers":[{"image":"nginx:1.16","name":"nginx","ports":[{"containerPort":8080}]}]}}}}
  creationTimestamp: "2020-09-01T23:10:41Z"
  generation: 1
  labels:
    app: nginx
  managedFields:
  - apiVersion: apps/v1
    fieldsType: FieldsV1
    fieldsV1:
      f:metadata:
        f:annotations:
          .: {}
          f:kubectl.kubernetes.io/last-applied-configuration: {}
        f:labels:
          .: {}
          f:app: {}
      f:spec:
        f:progressDeadlineSeconds: {}
        f:replicas: {}
        f:revisionHistoryLimit: {}
        f:selector:
          f:matchLabels:
            .: {}
            f:app: {}
        f:strategy:
          f:rollingUpdate:
            .: {}
            f:maxSurge: {}
            f:maxUnavailable: {}
          f:type: {}
        f:template:
          f:metadata:
            f:labels:
              .: {}
              f:app: {}
          f:spec:
            f:containers:
              k:{"name":"nginx"}:
                .: {}
                f:image: {}
                f:imagePullPolicy: {}
                f:name: {}
                f:ports:
                  .: {}
                  k:{"containerPort":8080,"protocol":"TCP"}:
                    .: {}
                    f:containerPort: {}
                    f:protocol: {}
                f:resources: {}
                f:terminationMessagePath: {}
                f:terminationMessagePolicy: {}
            f:dnsPolicy: {}
            f:restartPolicy: {}
            f:schedulerName: {}
            f:securityContext: {}
            f:terminationGracePeriodSeconds: {}
    manager: kubectl
    operation: Update
    time: "2020-09-01T23:10:41Z"
  - apiVersion: apps/v1
    fieldsType: FieldsV1
    fieldsV1:
      f:metadata:
        f:annotations:
          f:deployment.kubernetes.io/revision: {}
      f:status:
        f:availableReplicas: {}
        f:conditions:
          .: {}
          k:{"type":"Available"}:
            .: {}
            f:lastTransitionTime: {}
            f:lastUpdateTime: {}
            f:message: {}
            f:reason: {}
            f:status: {}
            f:type: {}
          k:{"type":"Progressing"}:
            .: {}
            f:lastTransitionTime: {}
            f:lastUpdateTime: {}
            f:message: {}
            f:reason: {}
            f:status: {}
            f:type: {}
        f:observedGeneration: {}
        f:readyReplicas: {}
        f:replicas: {}
        f:updatedReplicas: {}
    manager: kube-controller-manager
    operation: Update
    time: "2020-09-01T23:10:44Z"
  name: nginx-deployment
  namespace: default
  resourceVersion: "7236"
  selfLink: /apis/apps/v1/namespaces/default/deployments/nginx-deployment
  uid: 07f87722-c28b-4647-88c4-81a8c7dc55c3
spec:
  progressDeadlineSeconds: 600
  replicas: 2
  revisionHistoryLimit: 10
  selector:
    matchLabels:
      app: nginx
  strategy:
    rollingUpdate:
      maxSurge: 25%
      maxUnavailable: 25%
    type: RollingUpdate
  template:
    metadata:
      creationTimestamp: null
      labels:
        app: nginx
    spec:
      containers:
      - image: nginx:1.16
        imagePullPolicy: IfNotPresent
        name: nginx
        ports:
        - containerPort: 8080
          protocol: TCP
        resources: {}
        terminationMessagePath: /dev/termination-log
        terminationMessagePolicy: File
      dnsPolicy: ClusterFirst
      restartPolicy: Always
      schedulerName: default-scheduler
      securityContext: {}
      terminationGracePeriodSeconds: 30
status:
  availableReplicas: 2
  conditions:
  - lastTransitionTime: "2020-09-01T23:10:44Z"
    lastUpdateTime: "2020-09-01T23:10:44Z"
    message: Deployment has minimum availability.
    reason: MinimumReplicasAvailable
    status: "True"
    type: Available
  - lastTransitionTime: "2020-09-01T23:10:41Z"
    lastUpdateTime: "2020-09-01T23:10:44Z"
    message: ReplicaSet "nginx-deployment-67464b5f84" has successfully progressed.
    reason: NewReplicaSetAvailable
    status: "True"
    type: Progressing
  observedGeneration: 1
  readyReplicas: 2
  replicas: 2
  updatedReplicas: 2



C:\Program Files\Kubernetes\Minikube>kubectl get deployments
NAME               READY   UP-TO-DATE   AVAILABLE   AGE
mongo-deploy       1/1     1            1           27h
nginx-deploy       1/1     1            1           27h
nginx-deployment   2/2     2            2           13m

C:\Program Files\Kubernetes\Minikube>kubectl delete deployment mongo-deploy
deployment.apps "mongo-deploy" deleted

C:\Program Files\Kubernetes\Minikube>kubectl get deployments
NAME               READY   UP-TO-DATE   AVAILABLE   AGE
nginx-deploy       1/1     1            1           27h
nginx-deployment   2/2     2            2           13m


C:\Program Files\Kubernetes\Minikube>kubectl apply -f mongo-secret.yml
secret/mongo-deployment created

C:\Program Files\Kubernetes\Minikube>kubectl get secret
NAME                  TYPE                                  DATA   AGE
default-token-kh69g   kubernetes.io/service-account-token   3      46h
mongo-deployment      Opaque                                2      20s

C:\Program Files\Kubernetes\Minikube>kubectl delete secret mongo-deployment
secret "mongo-deployment" deleted

C:\Program Files\Kubernetes\Minikube>kubectl get secret
NAME                  TYPE                                  DATA   AGE
default-token-kh69g   kubernetes.io/service-account-token   3      46h

C:\Program Files\Kubernetes\Minikube>kubectl apply -f mongo-secret.yml
secret/mongo-secret created

C:\Program Files\Kubernetes\Minikube>kubectl get secret
NAME                  TYPE                                  DATA   AGE
default-token-kh69g   kubernetes.io/service-account-token   3      46h
mongo-secret          Opaque                                2      4s

C:\Program Files\Kubernetes\Minikube>kubectl apply -f mongo-deploy.yml
deployment.apps/mongo-deployment created

C:\Program Files\Kubernetes\Minikube>kubectl get deployments
NAME               READY   UP-TO-DATE   AVAILABLE   AGE
mongo-deployment   1/1     1            1           6s
nginx-deploy       1/1     1            1           44h
nginx-deployment   2/2     2            2           16h

C:\Program Files\Kubernetes\Minikube>kubectl get all
NAME                                    READY   STATUS    RESTARTS   AGE
pod/mongo-deployment-8c95574d9-9dfhh    1/1     Running   0          28s
pod/nginx-deploy-7674bcd875-ktxk2       1/1     Running   0          43h
pod/nginx-deployment-67464b5f84-b62bn   1/1     Running   0          16h
pod/nginx-deployment-67464b5f84-rlgc7   1/1     Running   0          16h

NAME                    TYPE        CLUSTER-IP      EXTERNAL-IP   PORT(S)   AGE
service/kubernetes      ClusterIP   10.96.0.1       <none>        443/TCP   46h
service/nginx-service   ClusterIP   10.100.66.150   <none>        80/TCP    16h

NAME                               READY   UP-TO-DATE   AVAILABLE   AGE
deployment.apps/mongo-deployment   1/1     1            1           28s
deployment.apps/nginx-deploy       1/1     1            1           44h
deployment.apps/nginx-deployment   2/2     2            2           16h

NAME                                          DESIRED   CURRENT   READY   AGE
replicaset.apps/mongo-deployment-8c95574d9    1         1         1       28s
replicaset.apps/nginx-deploy-7674bcd875       1         1         1       43h
replicaset.apps/nginx-deploy-d4789f999        0         0         0       44h
replicaset.apps/nginx-deployment-67464b5f84   2         2         2       16h

C:\Program Files\Kubernetes\Minikube>kubectl get pod
NAME                                READY   STATUS    RESTARTS   AGE
mongo-deployment-8c95574d9-9dfhh    1/1     Running   0          41s
nginx-deploy-7674bcd875-ktxk2       1/1     Running   0          43h
nginx-deployment-67464b5f84-b62bn   1/1     Running   0          16h
nginx-deployment-67464b5f84-rlgc7   1/1     Running   0          16h

C:\Program Files\Kubernetes\Minikube>kubectl apply -f mongo-deploy.yml
deployment.apps/mongo-deployment unchanged

C:\Program Files\Kubernetes\Minikube>kubectl get service
NAME            TYPE        CLUSTER-IP      EXTERNAL-IP   PORT(S)   AGE
kubernetes      ClusterIP   10.96.0.1       <none>        443/TCP   47h
nginx-service   ClusterIP   10.100.66.150   <none>        80/TCP    16h

C:\Program Files\Kubernetes\Minikube>kubectl apply -f mongo-deploy.yml
deployment.apps/mongo-deployment unchanged
service/mongodb-service created

C:\Program Files\Kubernetes\Minikube>kubectl get service
NAME              TYPE        CLUSTER-IP       EXTERNAL-IP   PORT(S)     AGE
kubernetes        ClusterIP   10.96.0.1        <none>        443/TCP     47h
mongodb-service   ClusterIP   10.103.123.105   <none>        27017/TCP   6s
nginx-service     ClusterIP   10.100.66.150    <none>        80/TCP      16h

C:\Program Files\Kubernetes\Minikube>kubectl describe service mongodb-service
Name:              mongodb-service
Namespace:         default
Labels:            <none>
Annotations:       Selector:  app=mongodb
Type:              ClusterIP
IP:                10.103.123.105
Port:              <unset>  27017/TCP
TargetPort:        27017/TCP
Endpoints:         172.17.0.3:27017
Session Affinity:  None
Events:            <none>

C:\Program Files\Kubernetes\Minikube>kubectl get pod -o wide
NAME                                READY   STATUS    RESTARTS   AGE   IP           NODE       NOMINATED NODE   READINESS GATES
mongo-deployment-8c95574d9-9dfhh    1/1     Running   0          16m   172.17.0.3   minikube   <none>           <none>
nginx-deploy-7674bcd875-ktxk2       1/1     Running   0          44h   172.17.0.5   minikube   <none>           <none>
nginx-deployment-67464b5f84-b62bn   1/1     Running   0          16h   172.17.0.6   minikube   <none>           <none>
nginx-deployment-67464b5f84-rlgc7   1/1     Running   0          16h   172.17.0.4   minikube   <none>           <none>

C:\Program Files\Kubernetes\Minikube>kubectl get all | grep mongo
'grep' is not recognized as an internal or external command,
operable program or batch file.

C:\Program Files\Kubernetes\Minikube>kubectl apply -f mongo-configmap.yml
configmap/mongo-configmap created

C:\Program Files\Kubernetes\Minikube>kubectl apply -f mongoexpress-deploy.yml
deployment.apps/mongoexpress-deploy created

C:\Program Files\Kubernetes\Minikube>kubectl get pod
NAME                                 READY   STATUS              RESTARTS   AGE
mongo-deployment-8c95574d9-9dfhh     1/1     Running             0          36m
mongoexpress-deploy-59f7698d-wp2fl   0/1     ContainerCreating   0          9s
nginx-deploy-7674bcd875-ktxk2        1/1     Running             0          44h
nginx-deployment-67464b5f84-b62bn    1/1     Running             0          17h
nginx-deployment-67464b5f84-rlgc7    1/1     Running             0          17h

C:\Program Files\Kubernetes\Minikube>kubectl get deployment
NAME                  READY   UP-TO-DATE   AVAILABLE   AGE
mongo-deployment      1/1     1            1           37m
mongoexpress-deploy   0/1     1            0           18s
nginx-deploy          1/1     1            1           44h
nginx-deployment      2/2     2            2           17h

C:\Program Files\Kubernetes\Minikube>kubectl get configmap
NAME              DATA   AGE
mongo-configmap   1      42s

C:\Program Files\Kubernetes\Minikube>kubectl logs mongoexpress-deploy-59f7698d-wp2fl
Error from server (BadRequest): container "mongo-express" in pod "mongoexpress-deploy-59f7698d-wp2fl" is waiting to start: CreateContainerConfigError

C:\Program Files\Kubernetes\Minikube>kubectl logs mongoexpress-deploy
Error from server (NotFound): pods "mongoexpress-deploy" not found

C:\Program Files\Kubernetes\Minikube>kubectl get pod
NAME                                 READY   STATUS                       RESTARTS   AGE
mongo-deployment-8c95574d9-9dfhh     1/1     Running                      0          38m
mongoexpress-deploy-59f7698d-wp2fl   0/1     CreateContainerConfigError   0          84s
nginx-deploy-7674bcd875-ktxk2        1/1     Running                      0          44h
nginx-deployment-67464b5f84-b62bn    1/1     Running                      0          17h
nginx-deployment-67464b5f84-rlgc7    1/1     Running                      0          17h

C:\Program Files\Kubernetes\Minikube>kubectl logs mongoexpress-deploy-59f7698d-wp2fl
Error from server (BadRequest): container "mongo-express" in pod "mongoexpress-deploy-59f7698d-wp2fl" is waiting to start: CreateContainerConfigError

C:\Program Files\Kubernetes\Minikube>kubectl apply -f mongoexpress-deploy.yml
deployment.apps/mongo-express created

C:\Program Files\Kubernetes\Minikube>kubectl get pods
NAME                                 READY   STATUS                       RESTARTS   AGE
mongo-deployment-8c95574d9-9dfhh     1/1     Running                      0          9h
mongo-express-864c95f479-gv86x       0/1     CreateContainerConfigError   0          11s
mongoexpress-deploy-59f7698d-wp2fl   0/1     CreateContainerConfigError   0          9h
nginx-deploy-7674bcd875-ktxk2        1/1     Running                      0          2d5h
nginx-deployment-67464b5f84-b62bn    1/1     Running                      0          26h
nginx-deployment-67464b5f84-rlgc7    1/1     Running                      0          26h

C:\Program Files\Kubernetes\Minikube>kubectl logs mongo-express-864c95f479-gv86x
Error from server (BadRequest): container "mongo-express" in pod "mongo-express-864c95f479-gv86x" is waiting to start: CreateContainerConfigError

C:\Program Files\Kubernetes\Minikube>kubectl apply -f mongoexpress-deploy.yml
deployment.apps/mongo-express configured

C:\Program Files\Kubernetes\Minikube>kubectl get pods
NAME                                 READY   STATUS                       RESTARTS   AGE
mongo-deployment-8c95574d9-9dfhh     1/1     Running                      0          9h
mongo-express-864c95f479-gv86x       0/1     CreateContainerConfigError   0          79s
mongo-express-968d94566-r9mdj        0/1     CreateContainerConfigError   0          7s
mongoexpress-deploy-59f7698d-wp2fl   0/1     CreateContainerConfigError   0          9h
nginx-deploy-7674bcd875-ktxk2        1/1     Running                      0          2d5h
nginx-deployment-67464b5f84-b62bn    1/1     Running                      0          26h
nginx-deployment-67464b5f84-rlgc7    1/1     Running                      0          26h

C:\Program Files\Kubernetes\Minikube>kubectl stop mongoexpress-deploy-59f7698d-wp2fl
Error: unknown command "stop" for "kubectl"

Did you mean this?
        top

Run 'kubectl --help' for usage.

C:\Program Files\Kubernetes\Minikube>kubectl delete mongoexpress-deploy-59f7698d-wp2fl
error: the server doesn't have a resource type "mongoexpress-deploy-59f7698d-wp2fl"

C:\Program Files\Kubernetes\Minikube>kubectl delete pod mongoexpress-deploy-59f7698d-wp2fl
pod "mongoexpress-deploy-59f7698d-wp2fl" deleted

C:\Program Files\Kubernetes\Minikube>kubectl delete pod mongo-express-968d94566-r9mdj
pod "mongo-express-968d94566-r9mdj" deleted

C:\Program Files\Kubernetes\Minikube>kubectl delete pod mongo-express-864c95f479-gv86x
pod "mongo-express-864c95f479-gv86x" deleted

C:\Program Files\Kubernetes\Minikube>kubectl delete pods
error: resource(s) were provided, but no name, label selector, or --all flag specified

C:\Program Files\Kubernetes\Minikube>kubectl get pods
NAME                                 READY   STATUS                       RESTARTS   AGE
mongo-deployment-8c95574d9-9dfhh     1/1     Running                      0          9h
mongo-express-864c95f479-vq2l7       0/1     CreateContainerConfigError   0          11s
mongo-express-968d94566-fwp5l        0/1     CreateContainerConfigError   0          25s
mongoexpress-deploy-59f7698d-nfsg9   0/1     CreateContainerConfigError   0          41s
nginx-deploy-7674bcd875-ktxk2        1/1     Running                      0          2d5h
nginx-deployment-67464b5f84-b62bn    1/1     Running                      0          26h
nginx-deployment-67464b5f84-rlgc7    1/1     Running                      0          26h

C:\Program Files\Kubernetes\Minikube>kubectl get pod
NAME                                 READY   STATUS                       RESTARTS   AGE
mongo-deployment-8c95574d9-9dfhh     1/1     Running                      0          9h
mongo-express-864c95f479-vq2l7       0/1     CreateContainerConfigError   0          28s
mongo-express-968d94566-fwp5l        0/1     CreateContainerConfigError   0          42s
mongoexpress-deploy-59f7698d-nfsg9   0/1     CreateContainerConfigError   0          58s
nginx-deploy-7674bcd875-ktxk2        1/1     Running                      0          2d5h
nginx-deployment-67464b5f84-b62bn    1/1     Running                      0          26h
nginx-deployment-67464b5f84-rlgc7    1/1     Running                      0          26h

C:\Program Files\Kubernetes\Minikube>kubectl get pod
NAME                                 READY   STATUS                       RESTARTS   AGE
mongo-deployment-8c95574d9-9dfhh     1/1     Running                      0          9h
mongo-express-864c95f479-vq2l7       0/1     CreateContainerConfigError   0          76s
mongo-express-968d94566-fwp5l        0/1     CreateContainerConfigError   0          90s
mongoexpress-deploy-59f7698d-nfsg9   0/1     CreateContainerConfigError   0          106s
nginx-deploy-7674bcd875-ktxk2        1/1     Running                      0          2d5h
nginx-deployment-67464b5f84-b62bn    1/1     Running                      0          26h
nginx-deployment-67464b5f84-rlgc7    1/1     Running                      0          26h

C:\Program Files\Kubernetes\Minikube>kubectl delete pod mongo-express-864c95f479-gv86x --force
warning: Immediate deletion does not wait for confirmation that the running resource has been terminated. The resource may continue to run on the cluster indefinitely.
Error from server (NotFound): pods "mongo-express-864c95f479-gv86x" not found

C:\Program Files\Kubernetes\Minikube>kubectl delete pod mongoexpress-deploy-59f7698d-nfsg9
pod "mongoexpress-deploy-59f7698d-nfsg9" deleted

C:\Program Files\Kubernetes\Minikube>kubectl get pod
NAME                                 READY   STATUS                       RESTARTS   AGE
mongo-deployment-8c95574d9-9dfhh     1/1     Running                      0          9h
mongo-express-864c95f479-vq2l7       0/1     CreateContainerConfigError   0          2m7s
mongo-express-968d94566-fwp5l        0/1     CreateContainerConfigError   0          2m21s
mongoexpress-deploy-59f7698d-bmztw   0/1     CreateContainerConfigError   0          7s
nginx-deploy-7674bcd875-ktxk2        1/1     Running                      0          2d5h
nginx-deployment-67464b5f84-b62bn    1/1     Running                      0          26h
nginx-deployment-67464b5f84-rlgc7    1/1     Running                      0          26h

C:\Program Files\Kubernetes\Minikube>kubectl get containers
error: the server doesn't have a resource type "containers"

C:\Program Files\Kubernetes\Minikube>kubectl get container
error: the server doesn't have a resource type "container"

C:\Program Files\Kubernetes\Minikube>kubectl apply -f mongo-express.yml
error: the path "mongo-express.yml" does not exist

C:\Program Files\Kubernetes\Minikube>kubectl apply -f mongo-express.yml
deployment.apps/mongo-express configured

C:\Program Files\Kubernetes\Minikube>kubectl get pods
NAME                                 READY   STATUS                       RESTARTS   AGE
mongo-deployment-8c95574d9-9dfhh     1/1     Running                      0          9h
mongo-express-864c95f479-vq2l7       0/1     CreateContainerConfigError   0          5m16s
mongo-express-968d94566-fwp5l        0/1     CreateContainerConfigError   0          5m30s
mongoexpress-deploy-59f7698d-bmztw   0/1     CreateContainerConfigError   0          3m16s
nginx-deploy-7674bcd875-ktxk2        1/1     Running                      0          2d5h
nginx-deployment-67464b5f84-b62bn    1/1     Running                      0          26h
nginx-deployment-67464b5f84-rlgc7    1/1     Running                      0          26h

C:\Program Files\Kubernetes\Minikube>kubectl apply -f mongo-express.yml
deployment.apps/mongo-express configured

C:\Program Files\Kubernetes\Minikube>kubectl get pods
NAME                                 READY   STATUS                       RESTARTS   AGE
mongo-deployment-8c95574d9-9dfhh     1/1     Running                      0          9h
mongo-express-65cf4f68c6-psh5z       0/1     CreateContainerConfigError   0          7s
mongo-express-968d94566-fwp5l        0/1     CreateContainerConfigError   0          9m27s
mongoexpress-deploy-59f7698d-bmztw   0/1     CreateContainerConfigError   0          7m13s
nginx-deploy-7674bcd875-ktxk2        1/1     Running                      0          2d5h
nginx-deployment-67464b5f84-b62bn    1/1     Running                      0          26h
nginx-deployment-67464b5f84-rlgc7    1/1     Running                      0          26h

C:\Program Files\Kubernetes\Minikube>kubectl delete pod mongo-express-968d94566-fwp5l
pod "mongo-express-968d94566-fwp5l" deleted

C:\Program Files\Kubernetes\Minikube>kubectl delete pod mongoexpress-deploy-59f7698d-bmztw
pod "mongoexpress-deploy-59f7698d-bmztw" deleted

C:\Program Files\Kubernetes\Minikube>kubectl get pods
NAME                                 READY   STATUS                       RESTARTS   AGE
mongo-deployment-8c95574d9-9dfhh     1/1     Running                      0          9h
mongo-express-65cf4f68c6-psh5z       0/1     CreateContainerConfigError   0          55s
mongo-express-968d94566-nwst4        0/1     CreateContainerConfigError   0          13s
mongoexpress-deploy-59f7698d-s82q5   0/1     CreateContainerConfigError   0          0s
nginx-deploy-7674bcd875-ktxk2        1/1     Running                      0          2d5h
nginx-deployment-67464b5f84-b62bn    1/1     Running                      0          26h
nginx-deployment-67464b5f84-rlgc7    1/1     Running                      0          26h


C:\Program Files\Kubernetes\Minikube>kubectl get deployments
NAME                  READY   UP-TO-DATE   AVAILABLE   AGE
mongo-deployment      1/1     1            1           10h
mongo-express         0/1     1            0           19m
mongoexpress-deploy   0/1     1            0           9h
nginx-deploy          1/1     1            1           2d6h
nginx-deployment      2/2     2            2           26h

C:\Program Files\Kubernetes\Minikube>kubectl stop deployment mongoexpress-deploy
Error: unknown command "stop" for "kubectl"

Did you mean this?
        top

Run 'kubectl --help' for usage.

C:\Program Files\Kubernetes\Minikube>kubectl delete deployment mongoexpress-deploy
deployment.apps "mongoexpress-deploy" deleted

C:\Program Files\Kubernetes\Minikube>kubectl delete deployment mongo-express
deployment.apps "mongo-express" deleted

C:\Program Files\Kubernetes\Minikube>kubectl get deployments
NAME               READY   UP-TO-DATE   AVAILABLE   AGE
mongo-deployment   1/1     1            1           10h
nginx-deploy       1/1     1            1           2d6h
nginx-deployment   2/2     2            2           26h

C:\Program Files\Kubernetes\Minikube>kubectl get pods
NAME                                READY   STATUS    RESTARTS   AGE
mongo-deployment-8c95574d9-9dfhh    1/1     Running   0          10h
nginx-deploy-7674bcd875-ktxk2       1/1     Running   0          2d5h
nginx-deployment-67464b5f84-b62bn   1/1     Running   0          26h
nginx-deployment-67464b5f84-rlgc7   1/1     Running   0          26h

C:\Program Files\Kubernetes\Minikube>kubectl get configmap
NAME              DATA   AGE
mongo-configmap   1      9h

C:\Program Files\Kubernetes\Minikube>kubectl get services
NAME              TYPE        CLUSTER-IP       EXTERNAL-IP   PORT(S)     AGE
kubernetes        ClusterIP   10.96.0.1        <none>        443/TCP     2d8h
mongodb-service   ClusterIP   10.103.123.105   <none>        27017/TCP   9h
nginx-service     ClusterIP   10.100.66.150    <none>        80/TCP      26h

C:\Program Files\Kubernetes\Minikube>kubectl apply -f mongo-express.yml
deployment.apps/mongo-express created

C:\Program Files\Kubernetes\Minikube>kubectl get deployments
NAME               READY   UP-TO-DATE   AVAILABLE   AGE
mongo-deployment   1/1     1            1           10h
mongo-express      0/1     1            0           9s
nginx-deploy       1/1     1            1           2d6h
nginx-deployment   2/2     2            2           26h

C:\Program Files\Kubernetes\Minikube>kubectl get pods
NAME                                READY   STATUS                       RESTARTS   AGE
mongo-deployment-8c95574d9-9dfhh    1/1     Running                      0          10h
mongo-express-65cf4f68c6-z4xkf      0/1     CreateContainerConfigError   0          16s
nginx-deploy-7674bcd875-ktxk2       1/1     Running                      0          2d5h
nginx-deployment-67464b5f84-b62bn   1/1     Running                      0          26h
nginx-deployment-67464b5f84-rlgc7   1/1     Running                      0          26h

C:\Program Files\Kubernetes\Minikube>kubectl delete deployment mongo-express
deployment.apps "mongo-express" deleted


C:\Program Files\Kubernetes\Minikube>kubectl get deployments
NAME               READY   UP-TO-DATE   AVAILABLE   AGE
mongo-deployment   1/1     1            1           10h
nginx-deploy       1/1     1            1           2d6h
nginx-deployment   2/2     2            2           26h

C:\Program Files\Kubernetes\Minikube>kubectl get pods
NAME                                READY   STATUS    RESTARTS   AGE
mongo-deployment-8c95574d9-9dfhh    1/1     Running   0          10h
nginx-deploy-7674bcd875-ktxk2       1/1     Running   0          2d5h
nginx-deployment-67464b5f84-b62bn   1/1     Running   0          26h
nginx-deployment-67464b5f84-rlgc7   1/1     Running   0          26h

C:\Program Files\Kubernetes\Minikube>kubectl apply -f mongo-express.yml
deployment.apps/mongo-express created

C:\Program Files\Kubernetes\Minikube>kubectl get pods
NAME                                READY   STATUS                       RESTARTS   AGE
mongo-deployment-8c95574d9-9dfhh    1/1     Running                      0          10h
mongo-express-699d94f95b-mbw99      0/1     CreateContainerConfigError   0          5s
nginx-deploy-7674bcd875-ktxk2       1/1     Running                      0          2d5h
nginx-deployment-67464b5f84-b62bn   1/1     Running                      0          26h
nginx-deployment-67464b5f84-rlgc7   1/1     Running                      0          26h

C:\Program Files\Kubernetes\Minikube>kubectl delete deployment mongo-express
deployment.apps "mongo-express" deleted

C:\Program Files\Kubernetes\Minikube>kubectl get deployments
NAME               READY   UP-TO-DATE   AVAILABLE   AGE
mongo-deployment   1/1     1            1           10h
nginx-deploy       1/1     1            1           2d6h
nginx-deployment   2/2     2            2           26h

C:\Program Files\Kubernetes\Minikube>kubectl get pod
NAME                                READY   STATUS    RESTARTS   AGE
mongo-deployment-8c95574d9-9dfhh    1/1     Running   0          10h
nginx-deploy-7674bcd875-ktxk2       1/1     Running   0          2d5h
nginx-deployment-67464b5f84-b62bn   1/1     Running   0          26h
nginx-deployment-67464b5f84-rlgc7   1/1     Running   0          26h

C:\Program Files\Kubernetes\Minikube>kubectl get secrets
NAME                  TYPE                                  DATA   AGE
default-token-kh69g   kubernetes.io/service-account-token   3      2d8h
mongo-secret          Opaque                                2      10h


C:\Program Files\Kubernetes\Minikube>kubectl get secrets mongo-secret
NAME           TYPE     DATA   AGE
mongo-secret   Opaque   2      10h

C:\Program Files\Kubernetes\Minikube>kubectl describe secret mongo-secret
Name:         mongo-secret
Namespace:    default
Labels:       <none>
Annotations:
Type:         Opaque

Data
====
mongo-password:  8 bytes
mongo-user:      5 bytes

C:\Program Files\Kubernetes\Minikube>kubectl apply -f mongo-express.yml
deployment.apps/mongo-express created

C:\Program Files\Kubernetes\Minikube>kubectl get deployments
NAME               READY   UP-TO-DATE   AVAILABLE   AGE
mongo-deployment   1/1     1            1           10h
mongo-express      1/1     1            1           6s
nginx-deploy       1/1     1            1           2d6h
nginx-deployment   2/2     2            2           26h

C:\Program Files\Kubernetes\Minikube>kubectl get pods
NAME                                READY   STATUS    RESTARTS   AGE
mongo-deployment-8c95574d9-9dfhh    1/1     Running   0          10h
mongo-express-cd4df4988-hrdp5       1/1     Running   0          11s
nginx-deploy-7674bcd875-ktxk2       1/1     Running   0          2d6h
nginx-deployment-67464b5f84-b62bn   1/1     Running   0          26h
nginx-deployment-67464b5f84-rlgc7   1/1     Running   0          26h

C:\Program Files\Kubernetes\Minikube>kubectl logs mongo-express-cd4df4988-hrdp5
Waiting for mongodb-service:27017...
Welcome to mongo-express
------------------------


Mongo Express server listening at http://0.0.0.0:8081
[31mServer is open to allow connections from anyone (0.0.0.0)[39m
[31mbasicAuth credentials are "admin:pass", it is recommended you change this in your config.js![39m
Database connected
Admin Database connected

C:\Program Files\Kubernetes\Minikube>kubectl apply -f mongo-express.yml
deployment.apps/mongo-express unchanged

C:\Program Files\Kubernetes\Minikube>kubectl apply -f mongo-express.yml
deployment.apps/mongo-express unchanged
service/mongo-express-service created

C:\Program Files\Kubernetes\Minikube>kubectl get services
NAME                    TYPE           CLUSTER-IP       EXTERNAL-IP   PORT(S)          AGE
kubernetes              ClusterIP      10.96.0.1        <none>        443/TCP          2d9h
mongo-express-service   LoadBalancer   10.98.45.146     <pending>     8081:30000/TCP   6s
mongodb-service         ClusterIP      10.103.123.105   <none>        27017/TCP        10h
nginx-service           ClusterIP      10.100.66.150    <none>        80/TCP           26h

C:\Program Files\Kubernetes\Minikube>kubectl get services
NAME                    TYPE           CLUSTER-IP       EXTERNAL-IP   PORT(S)          AGE
kubernetes              ClusterIP      10.96.0.1        <none>        443/TCP          2d9h
mongo-express-service   LoadBalancer   10.98.45.146     <pending>     8081:30000/TCP   19s
mongodb-service         ClusterIP      10.103.123.105   <none>        27017/TCP        10h
nginx-service           ClusterIP      10.100.66.150    <none>        80/TCP           26h

C:\Program Files\Kubernetes\Minikube>minikube service mongo-express-service
|-----------|-----------------------|-------------|-----------------------------|
| NAMESPACE |         NAME          | TARGET PORT |             URL             |
|-----------|-----------------------|-------------|-----------------------------|
| default   | mongo-express-service |        8081 | http://192.168.99.101:30000 |
|-----------|-----------------------|-------------|-----------------------------|
* Opening service default/mongo-express-service in default browser...

Microsoft Windows [Version 10.0.18363.1016]
(c) 2019 Microsoft Corporation. All rights reserved.

C:\Users\Kruti>cd \Program Files\Kubernetes\Minikube

C:\Program Files\Kubernetes\Minikube>kubectl get namespaces
NAME              STATUS   AGE
default           Active   2d9h
kube-node-lease   Active   2d9h
kube-public       Active   2d9h
kube-system       Active   2d9h

C:\Program Files\Kubernetes\Minikube>minikube addons enable ingress
* Verifying ingress addon...
* The 'ingress' addon is enabled

C:\Program Files\Kubernetes\Minikube>kubectl get pod -n kube-system
NAME                                        READY   STATUS      RESTARTS   AGE
coredns-66bff467f8-msg68                    1/1     Running     0          2d9h
etcd-minikube                               1/1     Running     0          2d9h
ingress-nginx-admission-create-95trz        0/1     Completed   0          2m43s
ingress-nginx-admission-patch-7sbcn         0/1     Completed   0          2m43s
ingress-nginx-controller-69ccf5d9d8-skz44   1/1     Running     0          2m43s
kube-apiserver-minikube                     1/1     Running     0          2d9h
kube-controller-manager-minikube            1/1     Running     0          2d9h
kube-proxy-fvdvh                            1/1     Running     0          2d9h
kube-scheduler-minikube                     1/1     Running     0          2d9h
storage-provisioner                         1/1     Running     4          2d9h

C:\Program Files\Kubernetes\Minikube>kubectl get ns
NAME              STATUS   AGE
default           Active   2d9h
kube-node-lease   Active   2d9h
kube-public       Active   2d9h
kube-system       Active   2d9h

C:\Program Files\Kubernetes\Minikube>kubectl get pods
NAME                                READY   STATUS    RESTARTS   AGE
mongo-deployment-8c95574d9-9dfhh    1/1     Running   0          11h
mongo-express-cd4df4988-hrdp5       1/1     Running   0          83m
nginx-deploy-7674bcd875-ktxk2       1/1     Running   0          2d7h
nginx-deployment-67464b5f84-b62bn   1/1     Running   0          28h
nginx-deployment-67464b5f84-rlgc7   1/1     Running   0          28h

C:\Program Files\Kubernetes\Minikube>kubectl apply -f multi-container.yml
pod/nginx created

C:\Program Files\Kubernetes\Minikube>kubectl get pods
NAME                                READY   STATUS     RESTARTS   AGE
mongo-deployment-8c95574d9-9dfhh    1/1     Running    0          11h
mongo-express-cd4df4988-hrdp5       1/1     Running    0          84m
nginx                               1/2     NotReady   0          7s
nginx-deploy-7674bcd875-ktxk2       1/1     Running    0          2d7h
nginx-deployment-67464b5f84-b62bn   1/1     Running    0          28h
nginx-deployment-67464b5f84-rlgc7   1/1     Running    0          28h

C:\Program Files\Kubernetes\Minikube>kubectl get pods
NAME                                READY   STATUS     RESTARTS   AGE
mongo-deployment-8c95574d9-9dfhh    1/1     Running    0          11h
mongo-express-cd4df4988-hrdp5       1/1     Running    0          84m
nginx                               1/2     NotReady   3          47s
nginx-deploy-7674bcd875-ktxk2       1/1     Running    0          2d7h
nginx-deployment-67464b5f84-b62bn   1/1     Running    0          28h
nginx-deployment-67464b5f84-rlgc7   1/1     Running    0          28h

C:\Program Files\Kubernetes\Minikube>kubectl get pods
NAME                                READY   STATUS     RESTARTS   AGE
mongo-deployment-8c95574d9-9dfhh    1/1     Running    0          11h
mongo-express-cd4df4988-hrdp5       1/1     Running    0          86m
nginx                               1/2     NotReady   5          2m51s
nginx-deploy-7674bcd875-ktxk2       1/1     Running    0          2d7h
nginx-deployment-67464b5f84-b62bn   1/1     Running    0          28h
nginx-deployment-67464b5f84-rlgc7   1/1     Running    0          28h

C:\Program Files\Kubernetes\Minikube>kubectl exec it nginx -c curl-container
kubectl exec [POD] [COMMAND] is DEPRECATED and will be removed in a future version. Use kubectl kubectl exec [POD] -- [COMMAND] instead.
Error from server (NotFound): pods "it" not found

C:\Program Files\Kubernetes\Minikube>kubectl exec -it nginx -c curl-container
error: you must specify at least one command for the container

C:\Program Files\Kubernetes\Minikube>kubectl get pods
NAME                                READY   STATUS             RESTARTS   AGE
mongo-deployment-8c95574d9-9dfhh    1/1     Running            0          11h
mongo-express-cd4df4988-hrdp5       1/1     Running            0          89m
nginx                               1/2     CrashLoopBackOff   5          5m26s
nginx-deploy-7674bcd875-ktxk2       1/1     Running            0          2d7h
nginx-deployment-67464b5f84-b62bn   1/1     Running            0          28h
nginx-deployment-67464b5f84-rlgc7   1/1     Running            0          28h

C:\Program Files\Kubernetes\Minikube>kubectl get deployments
NAME               READY   UP-TO-DATE   AVAILABLE   AGE
mongo-deployment   1/1     1            1           11h
mongo-express      1/1     1            1           89m
nginx-deploy       1/1     1            1           2d7h
nginx-deployment   2/2     2            2           28h

C:\Program Files\Kubernetes\Minikube>kubectl delete pod nginx
pod "nginx" deleted

C:\Program Files\Kubernetes\Minikube>kubectl get pods
NAME                                READY   STATUS    RESTARTS   AGE
mongo-deployment-8c95574d9-9dfhh    1/1     Running   0          11h
mongo-express-cd4df4988-hrdp5       1/1     Running   0          91m
nginx-deploy-7674bcd875-ktxk2       1/1     Running   0          2d7h
nginx-deployment-67464b5f84-b62bn   1/1     Running   0          28h
nginx-deployment-67464b5f84-rlgc7   1/1     Running   0          28h

C:\Program Files\Kubernetes\Minikube>kubectl apply -f multi-container.yml
pod/nginx created

C:\Program Files\Kubernetes\Minikube>kubectl get pods
NAME                                READY   STATUS     RESTARTS   AGE
mongo-deployment-8c95574d9-9dfhh    1/1     Running    0          11h
mongo-express-cd4df4988-hrdp5       1/1     Running    0          91m
nginx                               1/2     NotReady   0          5s
nginx-deploy-7674bcd875-ktxk2       1/1     Running    0          2d7h
nginx-deployment-67464b5f84-b62bn   1/1     Running    0          28h
nginx-deployment-67464b5f84-rlgc7   1/1     Running    0          28h

C:\Program Files\Kubernetes\Minikube>kubectl get pods
NAME                                READY   STATUS     RESTARTS   AGE
mongo-deployment-8c95574d9-9dfhh    1/1     Running    0          11h
mongo-express-cd4df4988-hrdp5       1/1     Running    0          92m
nginx                               1/2     NotReady   2          24s
nginx-deploy-7674bcd875-ktxk2       1/1     Running    0          2d7h
nginx-deployment-67464b5f84-b62bn   1/1     Running    0          28h
nginx-deployment-67464b5f84-rlgc7   1/1     Running    0          28h

C:\Program Files\Kubernetes\Minikube>kubectl get pods
NAME                                READY   STATUS             RESTARTS   AGE
mongo-deployment-8c95574d9-9dfhh    1/1     Running            0          11h
mongo-express-cd4df4988-hrdp5       1/1     Running            0          93m
nginx                               1/2     CrashLoopBackOff   3          107s
nginx-deploy-7674bcd875-ktxk2       1/1     Running            0          2d7h
nginx-deployment-67464b5f84-b62bn   1/1     Running            0          28h
nginx-deployment-67464b5f84-rlgc7   1/1     Running            0          28h

C:\Program Files\Kubernetes\Minikube>kubectl describe pod nginx --namespace nginx-crashloop
Error from server (NotFound): namespaces "nginx-crashloop" not found

C:\Program Files\Kubernetes\Minikube>kubectl describe pod nginx
Name:         nginx
Namespace:    default
Priority:     0
Node:         minikube/192.168.99.101
Start Time:   Wed, 02 Sep 2020 23:28:39 -0400
Labels:       app=nginx
Annotations:  Status:  Running
IP:           172.17.0.9
IPs:
  IP:  172.17.0.9
Containers:
  nginx-container:
    Container ID:   docker://7ef927f0b317ae04c94791072653c7878fcff0f1b3b2791a12e79d4d88561650
    Image:          nginx
    Image ID:       docker-pullable://nginx@sha256:b0ad43f7ee5edbc0effbc14645ae7055e21bc1973aee5150745632a24a752661
    Port:           80/TCP
    Host Port:      0/TCP
    State:          Running
      Started:      Wed, 02 Sep 2020 23:28:40 -0400
    Ready:          True
    Restart Count:  0
    Environment:    <none>
    Mounts:
      /var/run/secrets/kubernetes.io/serviceaccount from default-token-kh69g (ro)
  curl-container:
    Container ID:  docker://9ba1f5dc28c16e3cee80f734ac6908543000b7b3c1eebfecdcb6b1c7827a7083
    Image:         curlimages/curl
    Image ID:      docker-pullable://curlimages/curl@sha256:bd5bbd35f89b867c1dccbc84b8be52f3f74dea20b46c5fe0db3780e040afcb6f
    Port:          <none>
    Host Port:     <none>
    Command:
      /bin/sh
    Args:
      -c
      echo Hello from the another container
    State:          Terminated
      Reason:       Completed
      Exit Code:    0
      Started:      Wed, 02 Sep 2020 23:31:50 -0400
      Finished:     Wed, 02 Sep 2020 23:31:50 -0400
    Last State:     Terminated
      Reason:       Completed
      Exit Code:    0
      Started:      Wed, 02 Sep 2020 23:30:26 -0400
      Finished:     Wed, 02 Sep 2020 23:30:26 -0400
    Ready:          False
    Restart Count:  5
    Environment:    <none>
    Mounts:
      /var/run/secrets/kubernetes.io/serviceaccount from default-token-kh69g (ro)
Conditions:
  Type              Status
  Initialized       True
  Ready             False
  ContainersReady   False
  PodScheduled      True
Volumes:
  default-token-kh69g:
    Type:        Secret (a volume populated by a Secret)
    SecretName:  default-token-kh69g
    Optional:    false
QoS Class:       BestEffort
Node-Selectors:  <none>
Tolerations:     node.kubernetes.io/not-ready:NoExecute for 300s
                 node.kubernetes.io/unreachable:NoExecute for 300s
Events:
  Type     Reason     Age                    From               Message
  ----     ------     ----                   ----               -------
  Normal   Scheduled  3m42s                  default-scheduler  Successfully assigned default/nginx to minikube
  Normal   Pulling    3m42s                  kubelet, minikube  Pulling image "nginx"
  Normal   Pulled     3m41s                  kubelet, minikube  Successfully pulled image "nginx"
  Normal   Created    3m41s                  kubelet, minikube  Created container nginx-container
  Normal   Started    3m41s                  kubelet, minikube  Started container nginx-container
  Normal   Pulling    2m51s (x4 over 3m41s)  kubelet, minikube  Pulling image "curlimages/curl"
  Normal   Pulled     2m50s (x4 over 3m40s)  kubelet, minikube  Successfully pulled image "curlimages/curl"
  Normal   Created    2m50s (x4 over 3m39s)  kubelet, minikube  Created container curl-container
  Normal   Started    2m50s (x4 over 3m39s)  kubelet, minikube  Started container curl-container
  Warning  BackOff    2m49s (x5 over 3m36s)  kubelet, minikube  Back-off restarting failed container

C:\Program Files\Kubernetes\Minikube>kubectl get pods
NAME                                READY   STATUS             RESTARTS   AGE
mongo-deployment-8c95574d9-9dfhh    1/1     Running            0          11h
mongo-express-cd4df4988-hrdp5       1/1     Running            0          97m
nginx                               1/2     CrashLoopBackOff   6          6m17s
nginx-deploy-7674bcd875-ktxk2       1/1     Running            0          2d7h
nginx-deployment-67464b5f84-b62bn   1/1     Running            0          28h
nginx-deployment-67464b5f84-rlgc7   1/1     Running            0          28h

C:\Program Files\Kubernetes\Minikube>kubectl delete pod nginx
pod "nginx" deleted

C:\Program Files\Kubernetes\Minikube>kubectl get pods
NAME                                READY   STATUS    RESTARTS   AGE
mongo-deployment-8c95574d9-9dfhh    1/1     Running   0          11h
mongo-express-cd4df4988-hrdp5       1/1     Running   0          98m
nginx-deploy-7674bcd875-ktxk2       1/1     Running   0          2d7h
nginx-deployment-67464b5f84-b62bn   1/1     Running   0          28h
nginx-deployment-67464b5f84-rlgc7   1/1     Running   0          28h

C:\Program Files\Kubernetes\Minikube>kubectl apply -f multi-container.yml
pod/nginx created

C:\Program Files\Kubernetes\Minikube>kubectl get pods
NAME                                READY   STATUS    RESTARTS   AGE
mongo-deployment-8c95574d9-9dfhh    1/1     Running   0          11h
mongo-express-cd4df4988-hrdp5       1/1     Running   0          98m
nginx                               2/2     Running   0          6s
nginx-deploy-7674bcd875-ktxk2       1/1     Running   0          2d7h
nginx-deployment-67464b5f84-b62bn   1/1     Running   0          28h
nginx-deployment-67464b5f84-rlgc7   1/1     Running   0          28h

C:\Program Files\Kubernetes\Minikube>kubectl exec -it -c curl-container
error: pod, type/name or --filename must be specified

C:\Program Files\Kubernetes\Minikube>kubectl exec -it nginx -c curl-container
error: you must specify at least one command for the container

C:\Program Files\Kubernetes\Minikube>kubectl exec -it nginx -c curl-container -- /bin/sh
/ $ ls -l
total 284
drwxr-xr-x    2 root     root          4096 Mar 23 20:12 bin
-rw-r--r--    1 root     root        222172 Aug 19 08:47 cacert.pem
drwxr-xr-x    5 root     root           360 Sep  3 03:35 dev
-rwxr-xr-x    1 root     root           218 May 24 06:03 entrypoint.sh
drwxr-xr-x    1 root     root          4096 Sep  3 03:35 etc
drwxr-xr-x    1 root     root          4096 Aug 19 08:46 home
drwxr-xr-x    1 root     root          4096 Aug 19 08:46 lib
drwxr-xr-x    5 root     root          4096 Mar 23 20:12 media
drwxr-xr-x    2 root     root          4096 Mar 23 20:12 mnt
drwxr-xr-x    2 root     root          4096 Mar 23 20:12 opt
dr-xr-xr-x  226 root     root             0 Sep  3 03:35 proc
drwx------    2 root     root          4096 Mar 23 20:12 root
drwxr-xr-x    1 root     root          4096 Sep  3 03:35 run
drwxr-xr-x    1 root     root          4096 Aug 19 08:46 sbin
drwxr-xr-x    2 root     root          4096 Mar 23 20:12 srv
dr-xr-xr-x   12 root     root             0 Sep  3 03:35 sys
drwxrwxrwt    2 root     root          4096 Mar 23 20:12 tmp
drwxr-xr-x    1 root     root          4096 Aug 19 08:46 usr
drwxr-xr-x   12 root     root          4096 Mar 23 20:12 var
/ $ netstat -ln
Active Internet connections (only servers)
Proto Recv-Q Send-Q Local Address           Foreign Address         State
tcp        0      0 0.0.0.0:80              0.0.0.0:*               LISTEN
tcp        0      0 :::80                   :::*                    LISTEN
Active UNIX domain sockets (only servers)
Proto RefCnt Flags       Type       State         I-Node Path
/ $ curl localhost:80
<!DOCTYPE html>
<html>
<head>
<title>Welcome to nginx!</title>
<style>
    body {
        width: 35em;
        margin: 0 auto;
        font-family: Tahoma, Verdana, Arial, sans-serif;
    }
</style>
</head>
<body>
<h1>Welcome to nginx!</h1>
<p>If you see this page, the nginx web server is successfully installed and
working. Further configuration is required.</p>

<p>For online documentation and support please refer to
<a href="http://nginx.org/">nginx.org</a>.<br/>
Commercial support is available at
<a href="http://nginx.com/">nginx.com</a>.</p>

<p><em>Thank you for using nginx.</em></p>
</body>
</html>
/ $ exit

C:\Program Files\Kubernetes\Minikube>kubectl logs nginx -c curl-container
Hello from the sidecar container

C:\Program Files\Kubernetes\Minikube>docker ps
CONTAINER ID        IMAGE               COMMAND                  CREATED             STATUS              PORTS                  NAMES
b0c59699fbd7        482e4d89632b        "/bin/sh -c 'apachec…"   5 days ago          Up 5 days           0.0.0.0:8080->80/tcp   sweet_borg
6039fffd55a6        ubuntu              "/bin/bash"              5 days ago          Up 5 days                                  boring_joliot
f241a7a28dc2        482e4d89632b        "/bin/sh -c 'apachec…"   5 days ago          Up 5 days           0.0.0.0:80->80/tcp     eloquent_payne

C:\Program Files\Kubernetes\Minikube>echo $(minikube docker-env)
$(minikube docker-env)

C:\Program Files\Kubernetes\Minikube>eval $(minikube docker-env)
'eval' is not recognized as an internal or external command,
operable program or batch file.

C:\Program Files\Kubernetes\Minikube>kubectl get ns
NAME              STATUS   AGE
default           Active   2d10h
kube-node-lease   Active   2d10h
kube-public       Active   2d10h
kube-system       Active   2d10h

Kruti@DESKTOP-HHQ13HO MINGW64 /c/Program Files/Docker Toolbox
$ echo $(minikube docker-env)
export DOCKER_TLS_VERIFY="1" export DOCKER_HOST="tcp://192.168.99.101:2376" export DOCKER_CERT_PATH="C:\Users\Kruti\.minikube\certs" export MINIKUBE_ACTIVE_DOCKERD="minikube" # To point your shell to minikube's docker-daemon, run: # eval $(minikube -p minikube docker-env)

Kruti@DESKTOP-HHQ13HO MINGW64 /c/Program Files/Docker Toolbox
$ eval $(minikube docker-env)

Kruti@DESKTOP-HHQ13HO MINGW64 /c/Program Files/Docker Toolbox
$ docker ps
CONTAINER ID        IMAGE                                                            COMMAND                  CREATED             STATUS              PORTS                                      NAMES
7324187ff702        curlimages/curl                                                  "/bin/sh -c 'echo He…"   4 minutes ago       Up 4 minutes                                                   k8s_curl-container_nginx_default_923bc81c-18fc-4d66-8f0a-1e264c43f0b9_1
441f49b52b02        nginx                                                            "/docker-entrypoint.…"   9 minutes ago       Up 9 minutes                                                   k8s_nginx-container_nginx_default_923bc81c-18fc-4d66-8f0a-1e264c43f0b9_0
e3efc82d3fd1        k8s.gcr.io/pause:3.2                                             "/pause"                 9 minutes ago       Up 9 minutes                                                   k8s_POD_nginx_default_923bc81c-18fc-4d66-8f0a-1e264c43f0b9_0
8b7fbfe7f784        quay.io/kubernetes-ingress-controller/nginx-ingress-controller   "/usr/bin/dumb-init …"   54 minutes ago      Up 53 minutes                                                  k8s_controller_ingress-nginx-controller-69ccf5d9d8-skz44_kube-system_71349e53-0e93-4e0d-9914-4bb8f0a9b7e3_0
d78b79d26d1c        k8s.gcr.io/pause:3.2                                             "/pause"                 54 minutes ago      Up 54 minutes       0.0.0.0:80->80/tcp, 0.0.0.0:443->443/tcp   k8s_POD_ingress-nginx-controller-69ccf5d9d8-skz44_kube-system_71349e53-0e93-4e0d-9914-4bb8f0a9b7e3_0
02f5fcef0c86        mongo-express                                                    "tini -- /docker-ent…"   2 hours ago         Up 2 hours                                                     k8s_mongo-express_mongo-express-cd4df4988-hrdp5_default_26714dfe-8e6c-4caa-a02c-54a84eb9a61a_0
65d505332927        k8s.gcr.io/pause:3.2                                             "/pause"                 2 hours ago         Up 2 hours                                                     k8s_POD_mongo-express-cd4df4988-hrdp5_default_26714dfe-8e6c-4caa-a02c-54a84eb9a61a_0
e2923e2b4f94        9c3ca9f065bb                                                     "/storage-provisioner"   2 hours ago         Up 2 hours                                                     k8s_storage-provisioner_storage-provisioner_kube-system_359c4f0f-b8a9-482a-aa66-c9b178e82773_4
be8e5dd86758        mongo                                                            "docker-entrypoint.s…"   12 hours ago        Up 12 hours                                                    k8s_mongodb_mongo-deployment-8c95574d9-9dfhh_default_92c6d91f-d982-4316-9d4b-e63fcc3ef47d_0
8f2d3f51c1e0        k8s.gcr.io/pause:3.2                                             "/pause"                 12 hours ago        Up 12 hours                                                    k8s_POD_mongo-deployment-8c95574d9-9dfhh_default_92c6d91f-d982-4316-9d4b-e63fcc3ef47d_0
395f7eb7ba66        dfcfd8e9a5d3                                                     "nginx -g 'daemon of…"   29 hours ago        Up 29 hours                                                    k8s_nginx_nginx-deployment-67464b5f84-b62bn_default_3e920b4f-1566-49f4-8dde-49686d3b2713_0
b5d5da320d0a        dfcfd8e9a5d3                                                     "nginx -g 'daemon of…"   29 hours ago        Up 29 hours                                                    k8s_nginx_nginx-deployment-67464b5f84-rlgc7_default_519a2481-7df5-4e49-930f-64e7b0c1b325_0
c3bcce327935        k8s.gcr.io/pause:3.2                                             "/pause"                 29 hours ago        Up 29 hours                                                    k8s_POD_nginx-deployment-67464b5f84-b62bn_default_3e920b4f-1566-49f4-8dde-49686d3b2713_0
1b543ecca8be        k8s.gcr.io/pause:3.2                                             "/pause"                 29 hours ago        Up 29 hours                                                    k8s_POD_nginx-deployment-67464b5f84-rlgc7_default_519a2481-7df5-4e49-930f-64e7b0c1b325_0
840682401f28        nginx                                                            "nginx -g 'daemon of…"   2 days ago          Up 2 days                                                      k8s_nginx_nginx-deploy-7674bcd875-ktxk2_default_7daeeb68-14d8-48c8-9fbe-9c60a8224180_0
938f5310f6c0        k8s.gcr.io/pause:3.2                                             "/pause"                 2 days ago          Up 2 days                                                      k8s_POD_nginx-deploy-7674bcd875-ktxk2_default_7daeeb68-14d8-48c8-9fbe-9c60a8224180_0
301216a49bfa        k8s.gcr.io/pause:3.2                                             "/pause"                 2 days ago          Up 2 days                                                      k8s_POD_storage-provisioner_kube-system_359c4f0f-b8a9-482a-aa66-c9b178e82773_0
3372395010f9        67da37a9a360                                                     "/coredns -conf /etc…"   2 days ago          Up 2 days                                                      k8s_coredns_coredns-66bff467f8-msg68_kube-system_9caf9767-7ebc-46f0-8379-b21a11a9eebd_0
050c885217c5        k8s.gcr.io/pause:3.2                                             "/pause"                 2 days ago          Up 2 days                                                      k8s_POD_coredns-66bff467f8-msg68_kube-system_9caf9767-7ebc-46f0-8379-b21a11a9eebd_0
2b877e10f17f        3439b7546f29                                                     "/usr/local/bin/kube…"   2 days ago          Up 2 days                                                      k8s_kube-proxy_kube-proxy-fvdvh_kube-system_ad26818a-80c3-4e2c-9203-d8200de178a9_0
2d3983120e10        k8s.gcr.io/pause:3.2                                             "/pause"                 2 days ago          Up 2 days                                                      k8s_POD_kube-proxy-fvdvh_kube-system_ad26818a-80c3-4e2c-9203-d8200de178a9_0
b206d0060f2b        303ce5db0e90                                                     "etcd --advertise-cl…"   2 days ago          Up 2 days                                                      k8s_etcd_etcd-minikube_kube-system_f84c7545b36cbc48414f53f5f2f3275a_0
97c5ed6da492        76216c34ed0c                                                     "kube-scheduler --au…"   2 days ago          Up 2 days                                                      k8s_kube-scheduler_kube-scheduler-minikube_kube-system_dcddbd0cc8c89e2cbf4de5d3cca8769f_0
dac0176292e3        da26705ccb4b                                                     "kube-controller-man…"   2 days ago          Up 2 days                                                      k8s_kube-controller-manager_kube-controller-manager-minikube_kube-system_ba963bc1bff8609dc4fc4d359349c120_0
6c83e25192fe        7e28efa976bd                                                     "kube-apiserver --ad…"   2 days ago          Up 2 days                                                      k8s_kube-apiserver_kube-apiserver-minikube_kube-system_8009646ba816631d0677c2668886baad_0
939b1901b738        k8s.gcr.io/pause:3.2                                             "/pause"                 2 days ago          Up 2 days                                                      k8s_POD_etcd-minikube_kube-system_f84c7545b36cbc48414f53f5f2f3275a_0
42424ae44b74        k8s.gcr.io/pause:3.2                                             "/pause"                 2 days ago          Up 2 days                                                      k8s_POD_kube-scheduler-minikube_kube-system_dcddbd0cc8c89e2cbf4de5d3cca8769f_0
5846853660c2        k8s.gcr.io/pause:3.2                                             "/pause"                 2 days ago          Up 2 days                                                      k8s_POD_kube-controller-manager-minikube_kube-system_ba963bc1bff8609dc4fc4d359349c120_0
a5965ef622d9        k8s.gcr.io/pause:3.2                                             "/pause"                 2 days ago          Up 2 days                                                      k8s_POD_kube-apiserver-minikube_kube-system_8009646ba816631d0677c2668886baad_0

Kruti@DESKTOP-HHQ13HO MINGW64 /c/Program Files/Docker Toolbox
$ kubectl get ns
NAME              STATUS   AGE
default           Active   2d10h
kube-node-lease   Active   2d10h
kube-public       Active   2d10h
kube-system       Active   2d10h

Kruti@DESKTOP-HHQ13HO MINGW64 /c/Program Files/Docker Toolbox
$ kubectl get pods
NAME                                READY   STATUS     RESTARTS   AGE
mongo-deployment-8c95574d9-9dfhh    1/1     Running    0          11h
mongo-express-cd4df4988-hrdp5       1/1     Running    0          108m
nginx                               1/2     NotReady   1          10m
nginx-deploy-7674bcd875-ktxk2       1/1     Running    0          2d7h
nginx-deployment-67464b5f84-b62bn   1/1     Running    0          28h
nginx-deployment-67464b5f84-rlgc7   1/1     Running    0          28h

Kruti@DESKTOP-HHQ13HO MINGW64 /c/Program Files/Docker Toolbox
$ echo "kruti" | base64
a3J1dGkK

Kruti@DESKTOP-HHQ13HO MINGW64 /c/Program Files/Docker Toolbox
$ echo "kruti" | base64 --decode
□□□base64: invalid input

Kruti@DESKTOP-HHQ13HO MINGW64 /c/Program Files/Docker Toolbox
$ echo a3J1dGkK --decode
a3J1dGkK --decode

Kruti@DESKTOP-HHQ13HO MINGW64 /c/Program Files/Docker Toolbox
$ kubectl get deployments
NAME               READY   UP-TO-DATE   AVAILABLE   AGE
mongo-deployment   1/1     1            1           12h
mongo-express      1/1     1            1           110m
nginx-deploy       1/1     1            1           2d8h
nginx-deployment   2/2     2            2           28h

Kruti@DESKTOP-HHQ13HO MINGW64 /c/Program Files/Docker Toolbox
$ kubectl get services
NAME                    TYPE           CLUSTER-IP       EXTERNAL-IP   PORT(S)          AGE
kubernetes              ClusterIP      10.96.0.1        <none>        443/TCP          2d10h
mongo-express-service   LoadBalancer   10.98.45.146     <pending>     8081:30000/TCP   102m
mongodb-service         ClusterIP      10.103.123.105   <none>        27017/TCP        11h
nginx-service           ClusterIP      10.100.66.150    <none>        80/TCP           28h

Kruti@DESKTOP-HHQ13HO MINGW64 /c/Program Files/Docker Toolbox
$ kubectl get configmap
NAME              DATA   AGE
mongo-configmap   1      11h

